01-13 12:52:35.242  6351  6351 D nativeloader: Configuring clns-9 for other apk /data/app/~~Fmtu0B8DvUSbqMcDpsSI4A==/com.android.vending-Lr-ypOCypGss5Huq0DMNCg==/base.apk:/data/app/~~Fmtu0B8DvUSbqMcDpsSI4A==/com.android.vending-Lr-ypOCypGss5Huq0DMNCg==/split_config.en.apk:/data/app/~~Fmtu0B8DvUSbqMcDpsSI4A==/com.android.vending-Lr-ypOCypGss5Huq0DMNCg==/split_config.x86_64.apk:/data/app/~~Fmtu0B8DvUSbqMcDpsSI4A==/com.android.vending-Lr-ypOCypGss5Huq0DMNCg==/split_phonesky_data_loader.apk:/data/app/~~Fmtu0B8DvUSbqMcDpsSI4A==/com.android.vending-Lr-ypOCypGss5Huq0DMNCg==/split_phonesky_data_loader.config.x86_64.apk:/data/app/~~Fmtu0B8DvUSbqMcDpsSI4A==/com.android.vending-Lr-ypOCypGss5Huq0DMNCg==/split_phonesky_webrtc_native_lib.apk:/data/app/~~Fmtu0B8DvUSbqMcDpsSI4A==/com.android.vending-Lr-ypOCypGss5Huq0DMNCg==/split_phonesky_webrtc_native_lib.config.x86_64.apk. target_sdk_version=36, uses_libraries=, library_path=/data/app/~~Fmtu0B8DvUSbqMcDpsSI4A==/com.android.vending-Lr-ypOCypGss5Huq0DMNCg==/lib/x86_64:/data/app/~~Fmtu0B8DvUSbqMcDpsSI4A==/com.android.ven
01-13 12:52:35.249  6351  6351 I android.vending: AssetManager2(0x7acc1c21c938) locale list changing from [] to [en-US]
01-13 12:52:35.253  6351  6351 V GraphicsEnvironment: Currently set values for:
01-13 12:52:35.253  6351  6351 V GraphicsEnvironment:   angle_gl_driver_selection_pkgs=[]
01-13 12:52:35.253  6351  6351 V GraphicsEnvironment:   angle_gl_driver_selection_values=[]
01-13 12:52:35.253  6351  6351 V GraphicsEnvironment: com.android.vending is not listed in per-application setting
01-13 12:52:35.254  6351  6351 V GraphicsEnvironment: ANGLE allowlist from config: com.dreamgames.royalmatch com.dts.freefiremax com.dxx.firenow com.gramgames.mergedragons com.ludo.king com.mojang.minecraftpe com.my.defense com.nintendo.zaka com.os.airforce com.playrix.fishdomdd.gplay io.teslatech.callbreak jp.konami.prospia net.peakgames.toonblast
01-13 12:52:35.254  6351  6351 V GraphicsEnvironment: com.android.vending is not listed in ANGLE allowlist or settings, returning default
01-13 12:52:35.254  6351  6351 V GraphicsEnvironment: Neither updatable production driver nor prerelease driver is supported.
01-13 12:52:35.320  6351  6351 I Finsky  : [2] Process created at version: 49.2.47-31 [0] [PR] 845525049
01-13 12:52:35.390  6351  6369 I Finsky  : [48] Finished reading experiment flags from file [0tGUNCGIkbk4o6-fQ335kUYSKwVj4lusnHT-A5Dsy08] numFlags=2215.
01-13 12:52:35.394  6351  6369 I Finsky  : [48] Finished reading experiment flags from file [Se-xCc4LzNyh3UrKMIU2sUf-PUKz4oQEbpKZDMuaFno] numFlags=2190.
01-13 12:52:35.418  6351  6376 D nativeloader: Load /data/app/~~Fmtu0B8DvUSbqMcDpsSI4A==/com.android.vending-Lr-ypOCypGss5Huq0DMNCg==/split_config.x86_64.apk!/lib/x86_64/libmappedcountercacheversionjni.so using class loader ns clns-9 (caller=/data/app/~~Fmtu0B8DvUSbqMcDpsSI4A==/com.android.vending-Lr-ypOCypGss5Huq0DMNCg==/base.apk): ok
01-13 12:52:35.439  6351  6368 W Finsky  : [47] Failed to get the task info for cold start.
01-13 12:52:35.439  6351  6368 I Finsky  : [47] Process started for unknown session.
01-13 12:52:35.444  6351  6368 I Finsky  : [47] ahej - Registering in memory receiver for android.intent.action.PACKAGE_ADDED and android.intent.action.PACKAGE_REMOVED
01-13 12:52:35.457  6351  6351 I Finsky  : [2] Profiling: Starting up (3)
01-13 12:52:35.479  6351  6368 D HttpFlagsLoader: Not loading HTTP flags because they are disabled in the manifest
01-13 12:52:35.502  6351  6351 I Finsky  : [2] AsyncInit: Mandatory tasks are executed!
01-13 12:52:35.512  6351  6351 W Settings: Setting download_manager_max_bytes_over_mobile has moved from android.provider.Settings.Secure to android.provider.Settings.Global.
01-13 12:52:35.516  6351  6351 E ashmem  : Pinning is deprecated since Android Q. Please use trim or other methods.
01-13 12:52:35.516  6351  6351 I Finsky  : [2] SettingNotFoundException, fall through to G.downloadBytesOverMobileMaximum
01-13 12:52:35.516  6351  6351 W Settings: Setting download_manager_recommended_max_bytes_over_mobile has moved from android.provider.Settings.Secure to android.provider.Settings.Global.
01-13 12:52:35.518  6351  6351 I Finsky  : [2] SettingNotFoundException, fall through to G.downloadBytesOverMobileRecommended
01-13 12:52:35.520   728  1231 D ConnectivityService: requestNetwork for uid/pid:10146/6351 activeRequest: null callbackRequest: 253 [NetworkRequest [ REQUEST id=254, [ Capabilities: INTERNET&NOT_RESTRICTED&TRUSTED&NOT_VCN_MANAGED&NOT_BANDWIDTH_CONSTRAINED Uid: 10146 RequestorUid: 10146 RequestorPkg: com.android.vending UnderlyingNetworks: Null] ]] callback flags: 0 order: 2147483647 isUidTracked: false declaredMethods: AVAIL|LOST|NC|LP
01-13 12:52:35.521   728   900 D WifiNetworkFactory: got request NetworkRequest [ REQUEST id=254, [ Capabilities: INTERNET&NOT_RESTRICTED&TRUSTED&NOT_VCN_MANAGED&NOT_BANDWIDTH_CONSTRAINED Uid: 10146 RequestorUid: 10146 RequestorPkg: com.android.vending UnderlyingNetworks: Null] ]
01-13 12:52:35.521   728   900 D UntrustedWifiNetworkFactory: got request NetworkRequest [ REQUEST id=254, [ Capabilities: INTERNET&NOT_RESTRICTED&TRUSTED&NOT_VCN_MANAGED&NOT_BANDWIDTH_CONSTRAINED Uid: 10146 RequestorUid: 10146 RequestorPkg: com.android.vending UnderlyingNetworks: Null] ]
01-13 12:52:35.522   728   900 D OemPaidWifiNetworkFactory: got request NetworkRequest [ REQUEST id=254, [ Capabilities: INTERNET&NOT_RESTRICTED&TRUSTED&NOT_VCN_MANAGED&NOT_BANDWIDTH_CONSTRAINED Uid: 10146 RequestorUid: 10146 RequestorPkg: com.android.vending UnderlyingNetworks: Null] ]
01-13 12:52:35.522   728   906 D ConnectivityService: NetReassign [254 : null ??101] [c 0] [a 0] [i 0]
01-13 12:52:35.522   728   900 D MultiInternetWifiNetworkFactory: got request NetworkRequest [ REQUEST id=254, [ Capabilities: INTERNET&NOT_RESTRICTED&TRUSTED&NOT_VCN_MANAGED&NOT_BANDWIDTH_CONSTRAINED Uid: 10146 RequestorUid: 10146 RequestorPkg: com.android.vending UnderlyingNetworks: Null] ]
01-13 12:52:35.524   728  1199 D CompatChangeReporter: Compat change id reported: 349487600; UID 10146; state: ENABLED
01-13 12:52:35.525   728   906 D ConnectivityService: NetReassign [no changes] [c 0] [a 0] [i 1]
01-13 12:52:35.527  6351  6370 I Finsky  : [49] Subscription detail: DataSubscriptionInfo{groupIdLevel1=null, serviceProviderName=[Zr1R7g28S8p7iucp_gnNJJtsRl-pgO3Y6eIkCh24Iy0], simCarrierId=1}
01-13 12:52:35.532  6351  6369 I Finsky  : [48] playLoggingServerUrl: https://play.googleapis.com/play/log
01-13 12:52:35.532  6351  6369 I Finsky  : [48] playLoggingServerTimestampUrl: https://play.googleapis.com/play/log/timestamp
01-13 12:52:35.532  6351  6351 I Finsky  : [2] This process start was not selected for Play memory metrics collection.
01-13 12:52:35.541  6351  6368 D nativeloader: Load /data/app/~~Fmtu0B8DvUSbqMcDpsSI4A==/com.android.vending-Lr-ypOCypGss5Huq0DMNCg==/split_config.x86_64.apk!/lib/x86_64/libcronet.144.0.7509.3.so using class loader ns clns-9 (caller=/data/app/~~Fmtu0B8DvUSbqMcDpsSI4A==/com.android.vending-Lr-ypOCypGss5Huq0DMNCg==/base.apk): ok
01-13 12:52:35.541  6351  6386 I Finsky  : [65] VerifyApps: Setup app restrictions monitor
01-13 12:52:35.554  1132  1351 D SatelliteController: iisInCarrierRoamingNbIotNtn: satellite is disabled
01-13 12:52:35.555  6351  6351 I Finsky  : [2] SCH: job service start with id 9614.
01-13 12:52:35.556  6351  6386 I Finsky  : [65] VerifyApps: Device wide unknown source restriction updated
01-13 12:52:35.558  6351  6351 I Finsky  : [2] SCH: job service start with id 9616.
01-13 12:52:35.560  6351  6351 I Finsky  : [2] onSubscriptionsChanged
01-13 12:52:35.587  6351  6386 I Finsky  : [65] Enqueuing libraries load for 0
01-13 12:52:35.589  6351  6392 I Finsky  : [71] Starting libraries load for 0
01-13 12:52:35.603   728  2086 D ActivityManager: sync unfroze 5726 com.google.android.gms for 7
01-13 12:52:35.610  6351  6368 I cn_CronetLibraryLoader: Cronet version: 144.0.7509.3, arch: x86_64
01-13 12:52:35.641  6351  6371 I Finsky  : [50] registerListener
01-13 12:52:35.642  6351  6392 I Finsky  : [71] Finished loading 0 libraries.
01-13 12:52:35.644  6351  6430 D Volley  : [82] azdu.b: Cache cleared.
01-13 12:52:35.645  6351  6373 W Finsky  : [52] For unauth, use getDfeApiNonAuthenticated() instead!
01-13 12:52:35.646  6351  6371 I Finsky  : [50] DFS: Listener added for rxj@bba3d6b
01-13 12:52:35.646  6351  6371 I Finsky  : [50] registerListener
01-13 12:52:35.651  6351  6405 I Finsky  : [76] SCH: Satisfied jobs for 9614 are: 10-26
01-13 12:52:35.653  6351  6405 I Finsky  : [76] SCH: Satisfied jobs for 9616 are: 10-11, 10-123
01-13 12:52:35.653  6351  6371 I Finsky  : [50] RECEIVER_SINGLE_USER_SETTINGS#logWorkEndAndFinishGoAsync: SUCCESS
01-13 12:52:35.667  6351  6372 I Finsky  : [51] ApplicationRestrictions: {}
01-13 12:52:35.668   728   953 D BackgroundInstallControlService: Package event received: 0
01-13 12:52:35.669  6351  6393 I Finsky  : [72] Resetting scheduler db
01-13 12:52:35.671  6351  6380 I Finsky  : [59] SCH: Scheduling phonesky job Id: 1-1337, CT: 1768308113928, Constraints: [{ L: 14399861, D: 51012060, C: CHARGING_NONE, I: IDLE_NONE, N: NET_ANY, B: BATTERY_ANY }]
01-13 12:52:35.672  6351  6380 I Finsky  : [59] SCH: Scheduling phonesky job Id: 10-4, CT: 1768308107542, Constraints: [{ L: 1200000, D: 86400000, C: CHARGING_NONE, I: IDLE_NONE, N: NET_NONE, B: BATTERY_ANY }]
01-13 12:52:35.672  6351  6380 I Finsky  : [59] SCH: Scheduling phonesky job Id: 10-11, CT: 1768308107542, Constraints: [{ L: 600000, D: 86400000, C: CHARGING_NONE, I: IDLE_NONE, N: NET_NONE, B: BATTERY_ANY }]
01-13 12:52:35.672  6351  6380 I Finsky  : [59] SCH: Scheduling phonesky job Id: 10-26, CT: 1768308107578, Constraints: [{ L: 600000, D: 86400000, C: CHARGING_NONE, I: IDLE_NONE, N: NET_ANY, B: BATTERY_ANY }]
01-13 12:52:35.672  6351  6380 I Finsky  : [59] SCH: Scheduling phonesky job Id: 10-123, CT: 1768308107929, Constraints: [{ L: 600000, D: 86400000, C: CHARGING_NONE, I: IDLE_NONE, N: NET_NONE, B: BATTERY_ANY }]
01-13 12:52:35.672  6351  6380 I Finsky  : [59] SCH: Scheduling phonesky job Id: 10-168, CT: 1768308107926, Constraints: [{ L: 0, D: 86400000, C: CHARGING_NONE, I: IDLE_REQUIRED, N: NET_NONE, B: BATTERY_ANY }]
01-13 12:52:35.672  6351  6380 I Finsky  : [59] SCH: Scheduling phonesky job Id: 24-77777777, CT: 1768308159213, Constraints: [{ L: 1, D: 82800000, C: CHARGING_NONE, I: IDLE_REQUIRED, N: NET_NONE, B: BATTERY_ANY }]
01-13 12:52:35.672  6351  6380 I Finsky  : [59] SCH: Scheduling phonesky job Id: 26-1414141414, CT: 1768308115240, Constraints: [{ L: 43199999, D: 44099999, C: CHARGING_NONE, I: IDLE_NONE, N: NET_NONE, B: BATTERY_ANY }]
01-13 12:52:35.676   728  1231 W ProcessStats: Tracking association SourceState{62bd558 com.android.vending/10146 ImpBg #4701} whose proc state 6 is better than process ProcessState{2b43e3e com.google.android.gms/10148 pkg=com.google.android.gms} proc state 14 (0 skipped)
01-13 12:52:35.678  5726  5726 D BoundBrokerSvc: onBind: Intent { act=com.google.android.gms.safetynet.service.START xflg=0x4 pkg=com.google.android.gms }
01-13 12:52:35.678  5726  5726 D BoundBrokerSvc: Loading bound service for intent: Intent { act=com.google.android.gms.safetynet.service.START xflg=0x4 pkg=com.google.android.gms }
01-13 12:52:35.679  6351  6447 D Volley  : [94] azdu.b: Cache cleared.
01-13 12:52:35.680  6351  6393 I Finsky  : [72] SCH: Job 10-26 starting
01-13 12:52:35.681  6351  6351 I Finsky  : [2] WM::SCH: Logging work start for 10-26
01-13 12:52:35.686  6351  6393 I Finsky  : [72] SCH: Job 10-11 starting
01-13 12:52:35.689  6351  6391 I Finsky  : [70] SCH: canceling system job 9614
01-13 12:52:35.697  1299  6196 W GetConfigSnapshotOp: Succeeded but not registered: com.google.android.gms.gmscompliance_client#com.android.vending [CONTEXT service_id=51 ]
01-13 12:52:35.700   728  2086 D FileUtils: Rounded bytes from 2066784256 to 4000000000
01-13 12:52:35.702  5726  6419 W GoogleCertificates: GoogleCertificates has been initialized already
01-13 12:52:35.703  6351  6372 I Finsky  : [51] Initializing pausers from value store.
01-13 12:52:35.703  6351  6372 I Finsky  : [51] IQ::HLD: Callers (Pausers) in PauseUpdatesCallersValueStore: []
01-13 12:52:35.705  6351  6391 I Finsky  : [70] SCH: canceling system job 9616
01-13 12:52:35.713  1299  3538 W UsageReportingOptionsSt: INTERNAL_ERROR: setPlayPassOptIn failed with null account [CONTEXT service_id=41 ]
01-13 12:52:35.713  1299  3538 E UsageReportingOptionsSt: INTERNAL_ERROR: setOptInOption should not be called while user is locked. [CONTEXT service_id=41 ]
01-13 12:52:35.714  6351  6351 I Finsky  : [2] SCH: jobFinished: 10-26. TimeElapsed: 33ms.
01-13 12:52:35.714  6351  6351 I Finsky  : [2] WM::SCH: Logging work end for 10-26
01-13 12:52:35.716  6351  6351 I Finsky  : [2] WM::SCH: Logging work start for 10-11
01-13 12:52:35.716  6351  6351 I Finsky  : [2] SCH: system job 9614 received onStopJob signal.
01-13 12:52:35.716  6351  6351 I Finsky  : [2] SCH: system job 9614 stopped.
01-13 12:52:35.718  6351  6391 I Finsky  : [70] Running split install cleaner
01-13 12:52:35.725  6351  6457 I Finsky  : [104] Removed 0 obsolete sessions.
01-13 12:52:35.726  6351  6457 I Finsky  : [104] Removed 0 corrupted downloaded sessions.
01-13 12:52:35.727   728  1231 W JobScheduler: Job didn't exist in JobStore: a76220f #u0a146/9614 com.android.vending/com.google.android.finsky.scheduler.process.mainimpl.PhoneskyJobServiceMain
01-13 12:52:35.728  6351  6457 I Finsky  : [104] Finished completion of 0 sessions. Successful: 0. Failed: 0.
01-13 12:52:35.729  6351  6391 I Finsky  : [70] SCH: Scheduling 2 system job(s)
01-13 12:52:35.732  6351  6391 I Finsky  : [70] SCH: Scheduling system job Id: 9620, L: 0, D: 50370259, C: false, I: false, N: 1
01-13 12:52:35.737   728  1199 D ActivityManager: sync unfroze 2460 com.android.vending:background for 6
01-13 12:52:35.747  2460  2530 I Finsky:background: [41] Stats for Executor: bgExecutor ury@eec9369[Running, pool size = 4, active threads = 0, queued tasks = 0, completed tasks = 168]
01-13 12:52:35.747  2460  2530 I Finsky:background: [41] Stats for Executor: LightweightExecutor ury@85db29e[Running, pool size = 4, active threads = 0, queued tasks = 0, completed tasks = 121]
01-13 12:52:35.748  2460  2530 I Finsky:background: [41] Stats for Executor: BlockingExecutor ury@c48f205[Running, pool size = 2, active threads = 0, queued tasks = 0, completed tasks = 26]
01-13 12:52:35.753  6351  6351 I Finsky  : [2] SCH: system job 9616 received onStopJob signal.
01-13 12:52:35.754  6351  6351 I Finsky  : [2] SCH: system job 9616 stopped.
01-13 12:52:35.754  6351  6457 I Finsky  : [104] PSR: Package cache is empty, setup cache.
01-13 12:52:35.758  6351  6391 W JobInfo : Job 'com.android.vending/com.google.android.finsky.scheduler.process.mainimpl.PhoneskyJobServiceMain#9621' has a deadline with no functional constraints. The deadline won't improve job execution latency. Consider removing the deadline.
01-13 12:52:35.758  6351  6391 I Finsky  : [70] SCH: Scheduling system job Id: 9621, L: 0, D: 43459481, C: false, I: false, N: 0
01-13 12:52:35.758   728  1231 W JobInfo : Job 'com.android.vending/com.google.android.finsky.scheduler.process.mainimpl.PhoneskyJobServiceMain#9621' has a deadline with no functional constraints. The deadline won't improve job execution latency. Consider removing the deadline.
01-13 12:52:35.761   728  1199 W JobScheduler: Job didn't exist in JobStore: 8146d18 #u0a146/9616 com.android.vending/com.google.android.finsky.scheduler.process.mainimpl.PhoneskyJobServiceMain
01-13 12:52:35.764  2460  2460 I Endpoint: Created gRPC endpoint for service class com.google.frameworks.client.data.android.server.play.BackgroundProcessEndpointService
01-13 12:52:35.767  6351  6351 I Finsky  : [2] SCH: Job 10-123 starting
01-13 12:52:35.767  6351  6351 I Finsky  : [2] SCH: job service start with id 9620.
01-13 12:52:35.768  6351  6369 E Finsky  : [48] Failed refreshing cache rebuild with error: java.lang.IllegalStateException: Trying to refresh recommendations for null or empty account.
01-13 12:52:35.774  6351  6351 I Finsky  : [2] WM::SCH: Logging work start for 10-123
01-13 12:52:35.774  6351  6351 I Finsky  : [2] AppRecoveryHygieneJob starting
01-13 12:52:35.777  6351  6351 I Finsky  : [2] SCH: job service start with id 9621.
01-13 12:52:35.777  6351  6385 I Finsky  : [64] PSR: Package cache is empty, setup cache.
01-13 12:52:35.792  6351  6392 I Finsky  : [71] SCH: no pending jobs to schedule.
01-13 12:52:35.792  6351  6392 I Finsky  : [71] SCH: no pending jobs to schedule.
01-13 12:52:35.799  6351  6405 I Finsky  : [76] SCH: Satisfied jobs for 9621 are: 10-11, 10-123
01-13 12:52:35.806  6351  6392 I Finsky  : [71] SCH: Scheduling phonesky job Id: 1-1337, CT: 1768308113928, Constraints: [{ L: 14399861, D: 51012060, C: CHARGING_NONE, I: IDLE_NONE, N: NET_ANY, B: BATTERY_ANY }]
01-13 12:52:35.820  6351  6392 I Finsky  : [71] SCH: Scheduling 1 system job(s)
01-13 12:52:35.820  6351  6392 I Finsky  : [71] SCH: Scheduling system job Id: 9628, L: 13757969, D: 50370168, C: false, I: false, N: 1
01-13 12:52:35.826  6351  6457 W Finsky  : [104] SLM: no metadata property com.android.vending.derived.apk.id found for shared library com.google.android.trichromelibrary_694313738:
01-13 12:52:35.826  6351  6457 W Finsky  : [104] SLM: no metadata property com.android.vending.sdk.version.patch found for shared library com.google.android.trichromelibrary_694313738:
01-13 12:52:35.836  6351  6393 I Finsky  : [72] SCH: job service finished with id 9620.
01-13 12:52:35.849  6351  6468 I Finsky  : [113] SM: There are no stale sessions to be pruned
01-13 12:52:35.851  6351  6351 I Finsky  : [2] Connecting InstallListener to SplitInstallService broadcaster...
01-13 12:52:36.049  6351  6369 I Finsky  : [48] SysUA: Disable SystemUpdateActivity, because no login account
01-13 12:52:36.050  6351  6380 I Finsky  : [59] SysUA: Set SystemUpdateActivity enabled state to 2
01-13 12:52:36.052  6351  6392 I Finsky  : [71] Set UnhibernateActivity enabled state to 1
01-13 12:52:36.053  6351  6391 I Finsky  : [70] SysCUA: Set {com.android.vending/com.google.android.finsky.systemcomponentupdateui.common.SystemComponentUpdateActivity} enabled state to 0
01-13 12:52:36.056  6351  6369 I Finsky  : [48] cubesStatesValueStore = [0, 1, 1, 1, 1, 1]
01-13 12:52:36.102  6351  6385 W Finsky  : [64] PSR: Package com.google.android.trichromelibrary not installed
01-13 12:52:36.124  6351  6392 I Finsky  : [71] AppRecoveryHygieneJob: successfully finished generating v3.1 signatures
01-13 12:52:36.124  6351  6392 I Finsky  : [71] AppRecoveryHygieneJob: starting fetching app recovery item details of packages
01-13 12:52:36.124  6351  6392 I Finsky  : [71] Created new item store.
01-13 12:52:36.124  6351  6392 I Finsky  : [71] AppRecoveryHygieneJob: successfully fetched app recovery item details of packages
01-13 12:52:36.124  6351  6392 I Finsky  : [71] AppRecoveryHygieneJob: no item details are available for app recovery updates
01-13 12:52:36.124  6351  6392 I Finsky  : [71] AppRecoveryHygieneJob finished
01-13 12:52:36.125  6351  6392 I Finsky  : [71] SCH: jobFinished: 10-123. TimeElapsed: 351ms.
01-13 12:52:36.125  6351  6392 I Finsky  : [71] WM::SCH: Logging work end for 10-123
01-13 12:52:36.127  6351  6391 I Finsky  : [70] SCH: jobFinished: 10-11. TimeElapsed: 412ms.
01-13 12:52:36.127  6351  6391 I Finsky  : [70] WM::SCH: Logging work end for 10-11
01-13 12:52:36.148  6351  6391 I Finsky  : [70] SCH: Scheduling phonesky job Id: 10-4, CT: 1768308107542, Constraints: [{ L: 1200000, D: 86400000, C: CHARGING_NONE, I: IDLE_NONE, N: NET_NONE, B: BATTERY_ANY }]
01-13 12:52:36.148  6351  6391 I Finsky  : [70] SCH: Scheduling phonesky job Id: 26-1414141414, CT: 1768308115240, Constraints: [{ L: 43199999, D: 44099999, C: CHARGING_NONE, I: IDLE_NONE, N: NET_NONE, B: BATTERY_ANY }]
01-13 12:52:36.150  6351  6385 I Finsky  : [64] SCH: Scheduling 1 system job(s)
01-13 12:52:36.151  6351  6385 W JobInfo : Job 'com.android.vending/com.google.android.finsky.scheduler.process.mainimpl.PhoneskyJobServiceMain#9629' has a deadline with no functional constraints. The deadline won't improve job execution latency. Consider removing the deadline.
01-13 12:52:36.151  6351  6385 I Finsky  : [64] SCH: Scheduling system job Id: 9629, L: 551392, D: 43459089, C: false, I: false, N: 0
01-13 12:52:36.151   728  1198 W JobInfo : Job 'com.android.vending/com.google.android.finsky.scheduler.process.mainimpl.PhoneskyJobServiceMain#9629' has a deadline with no functional constraints. The deadline won't improve job execution latency. Consider removing the deadline.
01-13 12:52:36.154  6351  6393 I Finsky  : [72] SCH: job service finished with id 9621.
01-13 12:52:36.161  6351  6351 I Finsky  : [2] Memory trim requested to level 40
01-13 12:52:36.161  6351  6351 I Finsky  : [2] Flushing in-memory image cache
01-13 12:52:36.162  2460  2460 I Finsky:background: [2] Memory trim requested to level 40
01-13 12:52:36.547  6470  6470 W dumpsys : Thread Pool max thread count is 0. Cannot cache binder as linkToDeath cannot be implemented. serviceName: package
01-13 12:52:36.619  2039  2067 I artd    : GetBestInfo: odex next to the dex file (/data/app/~~GN0I9idC3RXPE_2RI7-1ZQ==/com.google.android.gms-S4wLfI8IqYw0rpgaOK0Prw==/oat/x86_64/base.odex) is kOatUpToDate with filter 'speed-profile' executable 'false'
01-13 12:52:36.621  2039  2067 I artd    : GetBestInfo: odex next to the dex file (/data/app/~~GN0I9idC3RXPE_2RI7-1ZQ==/com.google.android.gms-S4wLfI8IqYw0rpgaOK0Prw==/oat/x86_64/split_AdsDynamite_installtime.odex) is kOatUpToDate with filter 'speed' executable 'false'
01-13 12:52:36.623  2039  2067 I artd    : GetBestInfo: odex next to the dex file (/data/app/~~GN0I9idC3RXPE_2RI7-1ZQ==/com.google.android.gms-S4wLfI8IqYw0rpgaOK0Prw==/oat/x86_64/split_CronetDynamite_installtime.odex) is kOatUpToDate with filter 'speed' executable 'false'
01-13 12:52:36.625  2039  2067 I artd    : GetBestInfo: odex next to the dex file (/data/app/~~GN0I9idC3RXPE_2RI7-1ZQ==/com.google.android.gms-S4wLfI8IqYw0rpgaOK0Prw==/oat/x86_64/split_DynamiteLoader_installtime.odex) is kOatUpToDate with filter 'speed' executable 'false'
01-13 12:52:36.626  2039  2067 I artd    : GetBestInfo: odex next to the dex file (/data/app/~~GN0I9idC3RXPE_2RI7-1ZQ==/com.google.android.gms-S4wLfI8IqYw0rpgaOK0Prw==/oat/x86_64/split_DynamiteModulesA_installtime.odex) is kOatUpToDate with filter 'speed' executable 'false'
01-13 12:52:36.627  2039  2067 I artd    : GetBestInfo: odex next to the dex file (/data/app/~~GN0I9idC3RXPE_2RI7-1ZQ==/com.google.android.gms-S4wLfI8IqYw0rpgaOK0Prw==/oat/x86_64/split_DynamiteModulesC_installtime.odex) is kOatUpToDate with filter 'speed' executable 'false'
01-13 12:52:36.628  2039  2067 I artd    : GetBestInfo: odex next to the dex file (/data/app/~~GN0I9idC3RXPE_2RI7-1ZQ==/com.google.android.gms-S4wLfI8IqYw0rpgaOK0Prw==/oat/x86_64/split_GoogleCertificates_installtime.odex) is kOatUpToDate with filter 'speed' executable 'false'
01-13 12:52:36.629  2039  2067 I artd    : GetBestInfo: odex next to the dex file (/data/app/~~GN0I9idC3RXPE_2RI7-1ZQ==/com.google.android.gms-S4wLfI8IqYw0rpgaOK0Prw==/oat/x86_64/split_MapsDynamite_installtime.odex) is kOatUpToDate with filter 'speed' executable 'false'
01-13 12:52:36.631  2039  2067 I artd    : GetBestInfo: odex next to the dex file (/data/app/~~GN0I9idC3RXPE_2RI7-1ZQ==/com.google.android.gms-S4wLfI8IqYw0rpgaOK0Prw==/oat/x86_64/split_MeasurementDynamite_installtime.odex) is kOatUpToDate with filter 'speed' executable 'false'
01-13 12:52:36.631  2039  2067 I artd    : GetBestInfo: /data/user_de/0/com.google.android.gms/app_chimera/m/00000010/dl-Appsearch.optional_254730100800.apk has no usable artifacts
01-13 12:52:36.633  2039  2067 I artd    : GetBestInfo: /data/user_de/0/com.google.android.gms/app_chimera/m/00000015/dl-MlkitOcrCommon.optional_254730100800.apk has no usable artifacts
01-13 12:52:36.633  2039  2067 I artd    : GetBestInfo: /data/user_de/0/com.google.android.gms/app_chimera/m/00000012/dl-TfliteDynamiteDynamite.integ_243930802100800.apk has no usable artifacts
01-13 12:52:36.634  2039  2067 I artd    : GetBestInfo: /data/user_de/0/com.google.android.gms/app_chimera/m/00000001/CronetDynamite.apk has no usable artifacts
01-13 12:52:36.634  2039  2067 I artd    : GetBestInfo: /data/user_de/0/com.google.android.gms/app_chimera/m/00000002/DynamiteLoader.apk has no usable artifacts
01-13 12:52:36.634  2039  2067 I artd    : GetBestInfo: /data/user_de/0/com.google.android.gms/app_chimera/m/00000005/GoogleCertificates.apk has no usable artifacts
01-13 12:52:36.636  2039  2067 I artd    : GetBestInfo: /data/user_de/0/com.google.android.gms/app_chimera/m/0000000f/dl-PlayCloudSearch.optional_254730100000.apk has no usable artifacts
01-13 12:52:36.639  2039  2067 I artd    : GetBestInfo: vdex next to the dex file (/data/user/0/com.google.android.gms/app_dg_cache/3E7B8642D2C3A70E57BF17BBA509AC6EF658CD43/oat/x86_64/the.vdex) is kOatUpToDate with filter 'verify' executable 'false'
01-13 12:52:36.640  2039  2067 I artd    : GetBestInfo: /data/user_de/0/com.google.android.gms/app_chimera/m/00000013/dl-MlkitBarcodeUi.optional_254730100800.apk has no usable artifacts
01-13 12:52:36.645  2039  2067 I artd    : GetBestInfo: vdex next to the dex file (/data/user/0/com.google.android.gms/app_dg_cache/9F0553103A93E6B9A9293C06FF57F54D16588402/oat/x86_64/the.vdex) is kOatUpToDate with filter 'verify' executable 'false'
01-13 12:52:36.648  2039  2067 I artd    : GetBestInfo: vdex next to the dex file (/data/user/0/com.google.android.gms/app_dg_cache/D7ECB6ECAAAB0DCD8DECD74AE43F16D2EC2B3A20/oat/x86_64/the.vdex) is kOatUpToDate with filter 'verify' executable 'false'
01-13 12:52:36.649  2039  2067 I artd    : GetBestInfo: /data/user_de/0/com.google.android.gms/app_chimera/m/0000000a/dl-MlkitBarcodeUi.optional_250834100800.apk has no usable artifacts
01-13 12:52:36.650  2039  2067 I artd    : GetBestInfo: /data/user_de/0/com.google.android.gms/app_chimera/m/0000000c/dl-TfliteDynamiteDynamite.integ_243930801100800.apk has no usable artifacts
01-13 12:52:36.651  2039  2067 I artd    : GetBestInfo: /data/user_de/0/com.google.android.gms/app_chimera/m/00000009/dl-Appsearch.optional_250834100800.apk has no usable artifacts
01-13 12:52:36.651  2039  2067 I artd    : GetBestInfo: /data/user_de/0/com.google.android.gms/app_chimera/m/00000016/dl-VisionOcr.optional_254730100000.apk has no usable artifacts
01-13 12:52:36.654  2039  2067 I artd    : GetBestInfo: /data/user_de/0/com.google.android.gms/app_chimera/m/00000007/MeasurementDynamite.apk has no usable artifacts
01-13 12:52:36.657  2039  2067 I artd    : GetBestInfo: vdex next to the dex file (/data/user/0/com.google.android.gms/app_dg_cache/4C804C498047991068B7703A3662CB65242D8D66/oat/x86_64/the.vdex) is kOatUpToDate with filter 'verify' executable 'false'
01-13 12:52:39.350  1593  1846 I bbax    : (REDACTED) getHotwordActive::active query: %s, watch: %s, devices connected: %s
01-13 12:52:42.427  1299  6196 W GetConfigSnapshotOp: Succeeded but not registered: com.google.android.libraries.performance.primes#com.android.vending [CONTEXT service_id=51 ]
01-13 12:52:42.639   728   797 E BluetoothPowerStatsCollector: Cannot acquire BluetoothActivityEnergyInfo
01-13 12:52:42.639   728   797 E BluetoothPowerStatsCollector: java.util.concurrent.ExecutionException: java.lang.RuntimeException: error: 11
01-13 12:52:42.639   728   797 E BluetoothPowerStatsCollector: 	at java.util.concurrent.CompletableFuture.reportGet(CompletableFuture.java:372)
01-13 12:52:42.639   728   797 E BluetoothPowerStatsCollector: 	at java.util.concurrent.CompletableFuture.get(CompletableFuture.java:2072)
01-13 12:52:42.639   728   797 E BluetoothPowerStatsCollector: 	at com.android.server.power.stats.BluetoothPowerStatsCollector.collectBluetoothActivityInfo(BluetoothPowerStatsCollector.java:192)
01-13 12:52:42.639   728   797 E BluetoothPowerStatsCollector: 	at com.android.server.power.stats.BluetoothPowerStatsCollector.collectStats(BluetoothPowerStatsCollector.java:155)
01-13 12:52:42.639   728   797 E BluetoothPowerStatsCollector: 	at com.android.server.power.stats.PowerStatsCollector.collectAndDeliverStats(PowerStatsCollector.java:176)
01-13 12:52:42.639   728   797 E BluetoothPowerStatsCollector: 	at com.android.server.power.stats.PowerStatsCollector$$ExternalSyntheticLambda0.run(R8$$SyntheticClass:0)
01-13 12:52:42.639   728   797 E BluetoothPowerStatsCollector: 	at android.os.Handler.handleCallback(Handler.java:995)
01-13 12:52:42.639   728   797 E BluetoothPowerStatsCollector: 	at android.os.Handler.dispatchMessage(Handler.java:103)
01-13 12:52:42.639   728   797 E BluetoothPowerStatsCollector: 	at android.os.Looper.loopOnce(Looper.java:248)
01-13 12:52:42.639   728   797 E BluetoothPowerStatsCollector: 	at android.os.Looper.loop(Looper.java:338)
01-13 12:52:42.639   728   797 E BluetoothPowerStatsCollector: 	at android.os.HandlerThread.run(HandlerThread.java:85)
01-13 12:52:42.639   728   797 E BluetoothPowerStatsCollector: Caused by: java.lang.RuntimeException: error: 11
01-13 12:52:42.639   728   797 E BluetoothPowerStatsCollector: 	at com.android.server.power.stats.BluetoothPowerStatsCollector$1.onBluetoothActivityEnergyInfoError(BluetoothPowerStatsCollector.java:181)
01-13 12:52:42.639   728   797 E BluetoothPowerStatsCollector: 	at android.bluetooth.BluetoothAdapter$OnBluetoothActivityEnergyInfoProxy.lambda$onBluetoothActivityEnergyInfoAvailable$0(BluetoothAdapter.java:1037)
01-13 12:52:42.639   728   797 E BluetoothPowerStatsCollector: 	at android.bluetooth.BluetoothAdapter$OnBluetoothActivityEnergyInfoProxy$$ExternalSyntheticLambda1.run(D8$$SyntheticClass:0)
01-13 12:52:42.639   728   797 E BluetoothPowerStatsCollector: 	at android.bluetooth.BluetoothUtils.lambda$executeFromBinder$0(BluetoothUtils.java:343)
01-13 12:52:42.639   728   797 E BluetoothPowerStatsCollector: 	at android.bluetooth.BluetoothUtils$$ExternalSyntheticLambda1.run(D8$$SyntheticClass:0)
01-13 12:52:42.639   728   797 E BluetoothPowerStatsCollector: 	at com.android.server.SystemServerInitThreadPool$$ExternalSyntheticLambda0.execute(R8$$SyntheticClass:0)
01-13 12:52:42.639   728   797 E BluetoothPowerStatsCollector: 	at android.bluetooth.BluetoothUtils.executeFromBinder(BluetoothUtils.java:343)
01-13 12:52:42.639   728   797 E BluetoothPowerStatsCollector: 	at android.bluetooth.BluetoothAdapter$OnBluetoothActivityEnergyInfoProxy.onBluetoothActivityEnergyInfoAvailable(BluetoothAdapter.java:1035)
01-13 12:52:42.639   728   797 E BluetoothPowerStatsCollector: 	at android.bluetooth.IBluetoothActivityEnergyInfoListener$Stub.onTransact(IBluetoothActivityEnergyInfoListener.java:98)
01-13 12:52:42.639   728   797 E BluetoothPowerStatsCollector: 	at android.os.Binder.execTransactInternal(Binder.java:1426)
01-13 12:52:42.639   728   797 E BluetoothPowerStatsCollector: 	at android.os.Binder.execTransact(Binder.java:1365)
01-13 12:52:45.520   728   953 D BackgroundInstallControlService: Package event received: 0
01-13 12:52:45.522  5726  5726 D BoundBrokerSvc: onBind: Intent { act=com.google.android.gms.potokens.service.START dat=chimera-action:/... xflg=0x4 cmp=com.google.android.gms/.chimera.GmsApiService }
01-13 12:52:45.522  5726  5726 D BoundBrokerSvc: Loading bound service for intent: Intent { act=com.google.android.gms.potokens.service.START dat=chimera-action:/... xflg=0x4 cmp=com.google.android.gms/.chimera.GmsApiService }
01-13 12:52:45.545  6351  6385 I Finsky  : [64] Initializing the instant apps module.
01-13 12:52:45.553  6351  6380 I Finsky  : [59] System was updated or GL extensions were already cached.
01-13 12:52:45.558  1132  1351 D SatelliteController: iisInCarrierRoamingNbIotNtn: satellite is disabled
01-13 12:52:45.569  6351  6373 I Finsky  : [52] Triggered update for experiment package com.google.android.finsky.stable.
01-13 12:52:45.581  6351  6391 W Finsky  : [70] PreloadClasses: Unable to load [kotlinx.coroutines.internal.ThreadContextKt$countAll$1, kotlinx.coroutines.internal.ThreadContextKt$findOne$1, kotlinx.coroutines.internal.ThreadContextKt$updateState$1, androidx.compose.runtime.snapshots.SnapshotKt$emptyLambda$1, androidx.compose.runtime.Recomposer$broadcastFrameClock$1, androidx.compose.runtime.Recomposer$recompositionRunner$2$unregisterApplyObserver$1, androidx.compose.ui.platform.AndroidComposeView$keyInputModifier$1, androidx.compose.runtime.ComposerImpl, androidx.compose.runtime.ComposableSingletons$CompositionKt$lambda-1$1, androidx.compose.runtime.ComposableSingletons$CompositionKt$lambda-2$1, androidx.compose.ui.platform.ComposableSingletons$Wrapper_androidKt$lambda-1$1, androidx.compose.runtime.Recomposer$readObserverOf$1, androidx.compose.runtime.Recomposer$writeObserverOf$1, androidx.compose.ui.platform.AndroidCompositionLocals_androidKt$LocalSavedStateRegistryOwner$1, androidx.compose.runtime.saveable.SaveableStateRegistryKt$LocalSaveableStateRegistry$1, androidx.compose.material3.TypographyKt$LocalTypography$1, androidx.compose.material.ColorsKt$LocalColors$1, androidx.compose.material.ShapesKt$LocalShapes$1, androidx.compose.material.ContentAlphaKt$LocalContentAlpha$1, androidx.compose.foundation.IndicationKt$LocalIndication$1, androidx.compose.material.ripple.RippleThemeKt$LocalRippleTheme$1, androidx.compose.foundation.text.selection.TextSelectionColorsKt$LocalTextSelectionColors$1, androidx.compose.material.MaterialThemeKt$MaterialTheme$1, androidx.compose.material.TextKt$LocalTextStyle$1, androidx.compose.animation.core.InfiniteTransition$run$2, androidx.compose.animation.core.VectorConvertersKt$FloatToVector$1, androidx.compose.animation.core.VectorConvertersKt$FloatToVector$2, androidx.compose.animation.core.VectorConvertersKt$IntToVector$2, androidx.compose.animation.core.VectorConvertersKt$DpToVector$1, androidx.compose.animation.core.VectorConvertersKt$DpToVector$2, androidx.compose.material.ProgressIndicatorKt$CircularProgressIndicator$endAngle$2, androidx.compose.material.ProgressIndicatorKt$CircularProgressIndicator$startAngle$2, androidx.compose.foundation.ProgressSemanticsKt$progressSemantics$2, androidx.compose.material.MaterialThemeKt$MaterialTheme$2, androidx.compose.ui.platform.AndroidCompositionLocals_androidKt$ProvideAndroidCompositionLocals$4, androidx.compose.foundation.IndicationKt$indication$2, androidx.compose.foundation.text.selection.SelectionRegistrarKt$LocalSelectionRegistrar$1, androidx.compose.runtime.saveable.SaverKt$AutoSaver$1, androidx.compose.runtime.saveable.SaverKt$AutoSaver$2, androidx.compose.runtime.snapshots.SnapshotStateList$StateListStateRecord, androidx.compose.material.ButtonKt$Button$2, androidx.compose.material.ElevationOverlayKt$LocalElevationOverlay$1, androidx.compose.material.ElevationOverlayKt$LocalAbsoluteElevation$1, androidx.compose.material.SurfaceKt$Surface$1, androidx.compose.material.TextKt$Text$4, androidx.compose.material.TextKt$ProvideTextStyle$1, androidx.compose.material.SurfaceKt$Surface$2, androidx.compose.material.ButtonKt$Button$3, androidx.compose.foundation.gestures.ScrollableStateKt$rememberScrollableState$1$1, androidx.compose.material.TextKt$Text$3, androidx.compose.material3.TextKt$Text$3, androidx.compose.foundation.layout.BoxWithConstraintsKt$BoxWithConstraints$1$1, androidx.compose.runtime.ComposerImpl$CompositionContextHolder, androidx.compose.runtime.ComposerImpl$CompositionContextImpl, androidx.compose.runtime.Updater$init$1, androidx.compose.runtime.internal.ComposableLambdaImpl$invoke$2, androidx.compose.ui.text.MultiParagraphIntrinsics$minIntrinsicWidth$2, androidx.compose.ui.text.MultiParagraphIntrinsics$maxIntrinsicWidth$2, androidx.compose.ui.text.platform.extensions.SpannableExtensions_androidKt$setFontAttributes$1, androidx.compose.foundation.layout.PaddingValuesModifier$measure$2, androidx.compose.foundation.layout.BoxWithConstraintsKt$BoxWithConstraints$1$1$measurables$1, androidx.compose.ui.layout.ComposableSingletons$Subcompo
01-13 12:52:45.585  6351  6413 I Phlogger: Unable to retrieve flag snapshot for com.google.android.gms.phenotype, using defaults.
01-13 12:52:45.595  1299  1299 D BoundBrokerSvc: onRebind: Intent { act=com.google.android.gms.auth.aang.events.services.START dat=chimera-action:/... xflg=0x4 cmp=com.google.android.gms/.chimera.PersistentApiService }
01-13 12:52:45.611  6351  6372 I RegisterSyncOperation: Register sync called by com.android.vending, syncing since something changed
01-13 12:52:45.612  6351  6372 I HeterodyneSyncer: Removed 0 invalid users
01-13 12:52:45.615   728   953 D BackgroundInstallControlService: Package event received: 0
01-13 12:52:45.627  6351  6372 I HeterodyneSyncer: Syncing with Heterodyne. Reason: 15
01-13 12:52:45.627  6351  6372 I Finsky  : [51] Sending Heterodyne sync request for package com.google.android.finsky.stable
01-13 12:52:45.654  6351  6385 I Finsky  : [64] Component class com.google.android.finsky.wearsupport.WearSupportService disabled via PackageManager.
01-13 12:52:45.654  6351  6385 I Finsky  : [64] Component class com.google.android.finsky.wearsupport.WearChangeListenerService disabled via PackageManager.
01-13 12:52:45.741  6351  6372 I RequestAddCookies: Cookie store not available in HTTP context
01-13 12:52:45.807  6351  6351 I Finsky  : [2] setup::RES: shouldRecoverRestoredPackages: versionCodeSystem 84532130
01-13 12:52:45.808  6351  6351 I Finsky  : [2] Detected restoreservicev2://recovery not needed, will not run
01-13 12:52:45.849  6351  6372 I ResponseProcessCookies: Cookie store not available in HTTP context
01-13 12:52:45.850  6351  6372 I Finsky  : [51] Received Heterodyne sync response. StatusCode=200
01-13 12:52:45.853  6351  6483 I Finsky  : [119] registerListener
01-13 12:52:45.854  6351  6483 I Finsky  : [119] DSC: reviveDownloads()
01-13 12:52:45.856  6351  6483 I Finsky  : [119] Initialized AssetModuleDownloader.
01-13 12:52:45.857  2460  2645 I Finsky:background: [55] DS: reviveDownloads()
01-13 12:52:45.857  6351  6372 I HeterodyneSyncer: Sync completed. fetchReason: NEW_REGISTER_OTHER_SYNC, fetchPackageName: com.google.android.finsky.stable, syncErrorType: UNSET, individual sync errors: .
01-13 12:52:45.858  6351  6372 I HeterodyneSyncer: Finished notifying packages after sync. syncLatency: 247
01-13 12:52:45.870  6351  6373 I Finsky  : [52] Already at the latest configurations for experiment package com.google.android.finsky.stable.
01-13 12:52:45.870  6351  6373 I Finsky  : [52] Triggered update for experiment package com.google.android.finsky.regular.
01-13 12:52:45.877  6351  6372 I RegisterSyncOperation: Register sync called by com.android.vending, syncing since something changed
01-13 12:52:45.877  6351  6372 I HeterodyneSyncer: Removed 0 invalid users
01-13 12:52:45.879   728   953 D BackgroundInstallControlService: Package event received: 0
01-13 12:52:45.894  6351  6372 I HeterodyneSyncer: Syncing with Heterodyne. Reason: 15
01-13 12:52:45.894  6351  6372 I Finsky  : [51] Sending Heterodyne sync request for package com.google.android.finsky.regular
01-13 12:52:45.896  6351  6372 I RequestAddCookies: Cookie store not available in HTTP context
01-13 12:52:46.016  6351  6372 I ResponseProcessCookies: Cookie store not available in HTTP context
01-13 12:52:46.016  6351  6372 I Finsky  : [51] Received Heterodyne sync response. StatusCode=200
01-13 12:52:46.019  6351  6372 I HeterodyneSyncer: Sync completed. fetchReason: NEW_REGISTER_OTHER_SYNC, fetchPackageName: com.google.android.finsky.regular, syncErrorType: UNSET, individual sync errors: .
01-13 12:52:46.019  6351  6372 I HeterodyneSyncer: Finished notifying packages after sync. syncLatency: 142
01-13 12:52:46.024  6351  6373 I Finsky  : [52] Already at the latest configurations for experiment package com.google.android.finsky.regular.
01-13 12:52:46.193   728   849 D ActivityManager: freezing 6351 com.android.vending
01-13 12:52:46.194   728   849 D ActivityManager: freezing 2460 com.android.vending:background
01-13 12:52:46.325   728   906 D InetDiagMessage: Destroyed 0 sockets, proto=IPPROTO_TCP, family=AF_INET, states=14
01-13 12:52:46.325   728   906 D InetDiagMessage: Destroyed 1 sockets, proto=IPPROTO_TCP, family=AF_INET6, states=14
01-13 12:52:46.325   728   906 D InetDiagMessage: Destroyed live tcp sockets for uids={10146} in 0ms
01-13 12:52:46.519  6487  6487 W dumpsys : Thread Pool max thread count is 0. Cannot cache binder as linkToDeath cannot be implemented. serviceName: package
01-13 12:52:46.576  2039  2067 I artd    : GetBestInfo: odex next to the dex file (/data/app/~~GN0I9idC3RXPE_2RI7-1ZQ==/com.google.android.gms-S4wLfI8IqYw0rpgaOK0Prw==/oat/x86_64/base.odex) is kOatUpToDate with filter 'speed-profile' executable 'false'
01-13 12:52:46.579  2039  2067 I artd    : GetBestInfo: odex next to the dex file (/data/app/~~GN0I9idC3RXPE_2RI7-1ZQ==/com.google.android.gms-S4wLfI8IqYw0rpgaOK0Prw==/oat/x86_64/split_AdsDynamite_installtime.odex) is kOatUpToDate with filter 'speed' executable 'false'
01-13 12:52:46.580  2039  2067 I artd    : GetBestInfo: odex next to the dex file (/data/app/~~GN0I9idC3RXPE_2RI7-1ZQ==/com.google.android.gms-S4wLfI8IqYw0rpgaOK0Prw==/oat/x86_64/split_CronetDynamite_installtime.odex) is kOatUpToDate with filter 'speed' executable 'false'
01-13 12:52:46.581  2039  2067 I artd    : GetBestInfo: odex next to the dex file (/data/app/~~GN0I9idC3RXPE_2RI7-1ZQ==/com.google.android.gms-S4wLfI8IqYw0rpgaOK0Prw==/oat/x86_64/split_DynamiteLoader_installtime.odex) is kOatUpToDate with filter 'speed' executable 'false'
01-13 12:52:46.582  2039  2067 I artd    : GetBestInfo: odex next to the dex file (/data/app/~~GN0I9idC3RXPE_2RI7-1ZQ==/com.google.android.gms-S4wLfI8IqYw0rpgaOK0Prw==/oat/x86_64/split_DynamiteModulesA_installtime.odex) is kOatUpToDate with filter 'speed' executable 'false'
01-13 12:52:46.583  2039  2067 I artd    : GetBestInfo: odex next to the dex file (/data/app/~~GN0I9idC3RXPE_2RI7-1ZQ==/com.google.android.gms-S4wLfI8IqYw0rpgaOK0Prw==/oat/x86_64/split_DynamiteModulesC_installtime.odex) is kOatUpToDate with filter 'speed' executable 'false'
01-13 12:52:46.584  2039  2067 I artd    : GetBestInfo: odex next to the dex file (/data/app/~~GN0I9idC3RXPE_2RI7-1ZQ==/com.google.android.gms-S4wLfI8IqYw0rpgaOK0Prw==/oat/x86_64/split_GoogleCertificates_installtime.odex) is kOatUpToDate with filter 'speed' executable 'false'
01-13 12:52:46.585  2039  2067 I artd    : GetBestInfo: odex next to the dex file (/data/app/~~GN0I9idC3RXPE_2RI7-1ZQ==/com.google.android.gms-S4wLfI8IqYw0rpgaOK0Prw==/oat/x86_64/split_MapsDynamite_installtime.odex) is kOatUpToDate with filter 'speed' executable 'false'
01-13 12:52:46.586  2039  2067 I artd    : GetBestInfo: odex next to the dex file (/data/app/~~GN0I9idC3RXPE_2RI7-1ZQ==/com.google.android.gms-S4wLfI8IqYw0rpgaOK0Prw==/oat/x86_64/split_MeasurementDynamite_installtime.odex) is kOatUpToDate with filter 'speed' executable 'false'
01-13 12:52:46.587  2039  2067 I artd    : GetBestInfo: /data/user_de/0/com.google.android.gms/app_chimera/m/00000010/dl-Appsearch.optional_254730100800.apk has no usable artifacts
01-13 12:52:46.588  2039  2067 I artd    : GetBestInfo: /data/user_de/0/com.google.android.gms/app_chimera/m/00000015/dl-MlkitOcrCommon.optional_254730100800.apk has no usable artifacts
01-13 12:52:46.589  2039  2067 I artd    : GetBestInfo: /data/user_de/0/com.google.android.gms/app_chimera/m/00000012/dl-TfliteDynamiteDynamite.integ_243930802100800.apk has no usable artifacts
01-13 12:52:46.590  2039  2067 I artd    : GetBestInfo: /data/user_de/0/com.google.android.gms/app_chimera/m/00000001/CronetDynamite.apk has no usable artifacts
01-13 12:52:46.590  2039  2067 I artd    : GetBestInfo: /data/user_de/0/com.google.android.gms/app_chimera/m/00000002/DynamiteLoader.apk has no usable artifacts
01-13 12:52:46.590  2039  2067 I artd    : GetBestInfo: /data/user_de/0/com.google.android.gms/app_chimera/m/00000005/GoogleCertificates.apk has no usable artifacts
01-13 12:52:46.591  2039  2067 I artd    : GetBestInfo: /data/user_de/0/com.google.android.gms/app_chimera/m/0000000f/dl-PlayCloudSearch.optional_254730100000.apk has no usable artifacts
01-13 12:52:46.592  2039  2067 I artd    : GetBestInfo: vdex next to the dex file (/data/user/0/com.google.android.gms/app_dg_cache/3E7B8642D2C3A70E57BF17BBA509AC6EF658CD43/oat/x86_64/the.vdex) is kOatUpToDate with filter 'verify' executable 'false'
01-13 12:52:46.593  2039  2067 I artd    : GetBestInfo: /data/user_de/0/com.google.android.gms/app_chimera/m/00000013/dl-MlkitBarcodeUi.optional_254730100800.apk has no usable artifacts
01-13 12:52:46.595  2039  2067 I artd    : GetBestInfo: vdex next to the dex file (/data/user/0/com.google.android.gms/app_dg_cache/9F0553103A93E6B9A9293C06FF57F54D16588402/oat/x86_64/the.vdex) is kOatUpToDate with filter 'verify' executable 'false'
01-13 12:52:46.597  2039  2067 I artd    : GetBestInfo: vdex next to the dex file (/data/user/0/com.google.android.gms/app_dg_cache/D7ECB6ECAAAB0DCD8DECD74AE43F16D2EC2B3A20/oat/x86_64/the.vdex) is kOatUpToDate with filter 'verify' executable 'false'
01-13 12:52:46.598  2039  2067 I artd    : GetBestInfo: /data/user_de/0/com.google.android.gms/app_chimera/m/0000000a/dl-MlkitBarcodeUi.optional_250834100800.apk has no usable artifacts
01-13 12:52:46.598  2039  2067 I artd    : GetBestInfo: /data/user_de/0/com.google.android.gms/app_chimera/m/0000000c/dl-TfliteDynamiteDynamite.integ_243930801100800.apk has no usable artifacts
01-13 12:52:46.599  2039  2067 I artd    : GetBestInfo: /data/user_de/0/com.google.android.gms/app_chimera/m/00000009/dl-Appsearch.optional_250834100800.apk has no usable artifacts
01-13 12:52:46.600  2039  2067 I artd    : GetBestInfo: /data/user_de/0/com.google.android.gms/app_chimera/m/00000016/dl-VisionOcr.optional_254730100000.apk has no usable artifacts
01-13 12:52:46.601  2039  2067 I artd    : GetBestInfo: /data/user_de/0/com.google.android.gms/app_chimera/m/00000007/MeasurementDynamite.apk has no usable artifacts
01-13 12:52:46.602  2039  2067 I artd    : GetBestInfo: vdex next to the dex file (/data/user/0/com.google.android.gms/app_dg_cache/4C804C498047991068B7703A3662CB65242D8D66/oat/x86_64/the.vdex) is kOatUpToDate with filter 'verify' executable 'false'
01-13 12:52:55.554  1132  1351 D SatelliteController: iisInCarrierRoamingNbIotNtn: satellite is disabled
01-13 12:52:55.630   295  6476 I keystore2: system/security/keystore2/watchdog/src/lib.rs:377 - Watchdog thread idle -> terminating. Have a great day.
01-13 12:52:55.920   728   849 D ActivityManager: freezing 5726 com.google.android.gms
01-13 12:52:56.566  6490  6490 W dumpsys : Thread Pool max thread count is 0. Cannot cache binder as linkToDeath cannot be implemented. serviceName: package
01-13 12:52:56.628  2039  2067 I artd    : GetBestInfo: odex next to the dex file (/data/app/~~GN0I9idC3RXPE_2RI7-1ZQ==/com.google.android.gms-S4wLfI8IqYw0rpgaOK0Prw==/oat/x86_64/base.odex) is kOatUpToDate with filter 'speed-profile' executable 'false'
01-13 12:52:56.629  2039  2067 I artd    : GetBestInfo: odex next to the dex file (/data/app/~~GN0I9idC3RXPE_2RI7-1ZQ==/com.google.android.gms-S4wLfI8IqYw0rpgaOK0Prw==/oat/x86_64/split_AdsDynamite_installtime.odex) is kOatUpToDate with filter 'speed' executable 'false'
01-13 12:52:56.632  2039  2067 I artd    : GetBestInfo: odex next to the dex file (/data/app/~~GN0I9idC3RXPE_2RI7-1ZQ==/com.google.android.gms-S4wLfI8IqYw0rpgaOK0Prw==/oat/x86_64/split_CronetDynamite_installtime.odex) is kOatUpToDate with filter 'speed' executable 'false'
01-13 12:52:56.633  2039  2067 I artd    : GetBestInfo: odex next to the dex file (/data/app/~~GN0I9idC3RXPE_2RI7-1ZQ==/com.google.android.gms-S4wLfI8IqYw0rpgaOK0Prw==/oat/x86_64/split_DynamiteLoader_installtime.odex) is kOatUpToDate with filter 'speed' executable 'false'
01-13 12:52:56.635  2039  2067 I artd    : GetBestInfo: odex next to the dex file (/data/app/~~GN0I9idC3RXPE_2RI7-1ZQ==/com.google.android.gms-S4wLfI8IqYw0rpgaOK0Prw==/oat/x86_64/split_DynamiteModulesA_installtime.odex) is kOatUpToDate with filter 'speed' executable 'false'
01-13 12:52:56.636  2039  2067 I artd    : GetBestInfo: odex next to the dex file (/data/app/~~GN0I9idC3RXPE_2RI7-1ZQ==/com.google.android.gms-S4wLfI8IqYw0rpgaOK0Prw==/oat/x86_64/split_DynamiteModulesC_installtime.odex) is kOatUpToDate with filter 'speed' executable 'false'
01-13 12:52:56.637  2039  2067 I artd    : GetBestInfo: odex next to the dex file (/data/app/~~GN0I9idC3RXPE_2RI7-1ZQ==/com.google.android.gms-S4wLfI8IqYw0rpgaOK0Prw==/oat/x86_64/split_GoogleCertificates_installtime.odex) is kOatUpToDate with filter 'speed' executable 'false'
01-13 12:52:56.639  2039  2067 I artd    : GetBestInfo: odex next to the dex file (/data/app/~~GN0I9idC3RXPE_2RI7-1ZQ==/com.google.android.gms-S4wLfI8IqYw0rpgaOK0Prw==/oat/x86_64/split_MapsDynamite_installtime.odex) is kOatUpToDate with filter 'speed' executable 'false'
01-13 12:52:56.640  2039  2067 I artd    : GetBestInfo: odex next to the dex file (/data/app/~~GN0I9idC3RXPE_2RI7-1ZQ==/com.google.android.gms-S4wLfI8IqYw0rpgaOK0Prw==/oat/x86_64/split_MeasurementDynamite_installtime.odex) is kOatUpToDate with filter 'speed' executable 'false'
01-13 12:52:56.641  2039  2067 I artd    : GetBestInfo: /data/user_de/0/com.google.android.gms/app_chimera/m/00000010/dl-Appsearch.optional_254730100800.apk has no usable artifacts
01-13 12:52:56.642  2039  2067 I artd    : GetBestInfo: /data/user_de/0/com.google.android.gms/app_chimera/m/00000015/dl-MlkitOcrCommon.optional_254730100800.apk has no usable artifacts
01-13 12:52:56.643  2039  2067 I artd    : GetBestInfo: /data/user_de/0/com.google.android.gms/app_chimera/m/00000012/dl-TfliteDynamiteDynamite.integ_243930802100800.apk has no usable artifacts
