01-05 14:45:46.487   583  1626 I WindowManager: WIN DEATH: Window{3e7fb4d u0 com.rsr41.oracle/com.rsr41.oracle.MainActivity}
01-05 14:45:46.487   583  1626 W InputManager-JNI: Input channel object '3e7fb4d com.rsr41.oracle/com.rsr41.oracle.MainActivity (client)' was disposed without first being removed with the input manager!
01-05 14:45:46.490   384   384 I Zygote  : Process 10020 exited due to signal 9 (Killed)
01-05 14:45:46.491   583  1627 I ActivityManager: Process com.rsr41.oracle (pid 10020) has died: fg  TOP 
01-05 14:45:46.493   463   463 I adbd    : Remote process closed the socket (on MSG_PEEK)
01-05 14:45:46.497   583   621 I libprocessgroup: Removed cgroup /sys/fs/cgroup/uid_10205/pid_10020
01-05 14:45:46.501   583  1627 W ActivityManager: Scheduling restart of crashed service com.rsr41.oracle/androidx.work.impl.background.systemjob.SystemJobService in 1000ms for connection
01-05 14:45:46.505   583   609 D DisplayManagerService: Drop pending events for gone uid 10205
01-05 14:45:46.516   583   583 W JobScheduler: Job didn't exist in JobStore: 3978452 #u0a205/18 com.rsr41.oracle/androidx.work.impl.background.systemjob.SystemJobService
01-05 14:45:46.523  2570  2570 I TopTaskTracker: onTaskMovedToFront: (moved taskInfo to front) taskId=20, baseIntent=Intent { act=android.intent.action.MAIN cat=[android.intent.category.HOME] flg=0x10000100 cmp=com.google.android.apps.nexuslauncher/.NexusLauncherActivity }
01-05 14:45:46.532  2570  2570 D StatsLog: LAUNCHER_ONRESUME
01-05 14:45:46.535   836   937 D WindowManagerShell: setLauncherKeepClearAreaHeight: visible=true, height=527
01-05 14:45:46.536   836  2566 V WindowManagerShell: onTransitionReady(transaction=2503965937099)
01-05 14:45:46.537   836   937 V WindowManagerShell: onTransitionReady (#69) android.os.BinderProxy@de8f937: {id=69 t=CLOSE f=0x10 trk=0 r=[0@Point(0, 0)] c=[{WCT{android.window.IWindowContainerToken$Stub$Proxy@cdc7110} m=TO_FRONT f=SHOW_WALLPAPER|MOVE_TO_TOP leash=Surface(name=Task=1)/@0xfab0ea4 sb=Rect(0, 0 - 1080, 2400) eb=Rect(0, 0 - 1080, 2400) d=0 taskParent=-1},{WCT{android.window.IWindowContainerToken$Stub$Proxy@6af3409} m=CLOSE f=NONE leash=Surface(name=Task=40)/@0x123640d sb=Rect(0, 0 - 1080, 2400) eb=Rect(0, 0 - 1080, 2400) d=0 taskParent=-1},{null m=TO_FRONT f=IS_WALLPAPER leash=Surface(name=WallpaperWindowToken{cd2d6c6 token=android.os.Binder@fe424a1})/@0x39bbfc2 sb=Rect(0, 0 - 1080, 2400) eb=Rect(0, 0 - 1080, 2400) d=0}]}
01-05 14:45:46.537   836   937 V WindowManagerShell: Playing animation for (#69) android.os.BinderProxy@de8f937@0
01-05 14:45:46.537   836   937 V WindowManagerShell:  try handler com.android.wm.shell.transition.DefaultMixedHandler@cccf8c2
01-05 14:45:46.537   836   937 V WindowManagerShell:  try handler com.android.wm.shell.keyguard.KeyguardTransitionHandler@f1d36d3
01-05 14:45:46.537   836   937 V WindowManagerShell:  try handler com.android.wm.shell.pip.PipTransition@56d210
01-05 14:45:46.537   836   937 V WindowManagerShell:  try handler com.android.wm.shell.activityembedding.ActivityEmbeddingController@1588109
01-05 14:45:46.537   836   937 V WindowManagerShell:  try handler com.android.wm.shell.recents.RecentsTransitionHandler@ff5df0e
01-05 14:45:46.537   836   937 V ShellRecents: RecentsTransitionHandler.startAnimation: no controller found
01-05 14:45:46.537   836   937 V WindowManagerShell:  try handler com.android.wm.shell.splitscreen.StageCoordinator@87a6d2f
01-05 14:45:46.537   836   937 V WindowManagerShell:  try handler com.android.wm.shell.transition.RemoteTransitionHandler@abeff3c
01-05 14:45:46.537   836   937 V WindowManagerShell: Transition doesn't have explicit remote, search filters for match for {id=69 t=CLOSE f=0x10 trk=0 r=[0@Point(0, 0)] c=[{WCT{android.window.IWindowContainerToken$Stub$Proxy@cdc7110} m=TO_FRONT f=SHOW_WALLPAPER|MOVE_TO_TOP leash=Surface(name=Task=1)/@0xfab0ea4 sb=Rect(0, 0 - 1080, 2400) eb=Rect(0, 0 - 1080, 2400) d=0 taskParent=-1},{WCT{android.window.IWindowContainerToken$Stub$Proxy@6af3409} m=CLOSE f=NONE leash=Surface(name=Task=40)/@0x123640d sb=Rect(0, 0 - 1080, 2400) eb=Rect(0, 0 - 1080, 2400) d=0 taskParent=-1},{null m=TO_FRONT f=IS_WALLPAPER leash=Surface(name=WallpaperWindowToken{cd2d6c6 token=android.os.Binder@fe424a1})/@0x39bbfc2 sb=Rect(0, 0 - 1080, 2400) eb=Rect(0, 0 - 1080, 2400) d=0}]}
01-05 14:45:46.538   836   937 V WindowManagerShell:  Checking filter Pair{{types=[] flags=0x0] notFlags=0x0 checks=[{atype=undefined independent=true modes=[OPEN,TO_FRONT] flags=IN_TASK_WITH_EMBEDDED_ACTIVITY mustBeTask=false order=ANY topActivity=ComponentInfo{com.google.android.apps.nexuslauncher/com.google.android.apps.nexuslauncher.NexusLauncherActivity} launchCookie=null},{atype=undefined independent=true modes=[CLOSE,TO_BACK] flags=IN_TASK_WITH_EMBEDDED_ACTIVITY mustBeTask=false order=ANY topActivity=null launchCookie=null}]} RemoteTransition { remoteTransition = android.window.IRemoteTransition$Stub$Proxy@1299a10, appThread = android.app.IApplicationThread$Stub$Proxy@407a909, debugName = OverlaySwipeBack }}
01-05 14:45:46.538   836   937 V WindowManagerShell:  Checking filter Pair{{types=[] flags=0x0] notFlags=0x0 checks=[{atype=dream independent=true modes=[OPEN,TO_FRONT] flags=NONE mustBeTask=false order=ANY topActivity=null launchCookie=null},{atype=home independent=true modes=[CLOSE,TO_BACK] flags=NONE mustBeTask=false order=ANY topActivity=null launchCookie=null}]} RemoteTransition { remoteTransition = android.window.IRemoteTransition$Stub$Proxy@2b9e70e, appThread = android.app.IApplicationThread$Stub$Proxy@61d52f, debugName = LauncherToDream }}
01-05 14:45:46.538   836   937 V WindowManagerShell:  Checking filter Pair{{types=[] flags=0x0] notFlags=0x100 checks=[{atype=home independent=true modes=[OPEN,TO_FRONT] flags=NONE mustBeTask=false order=TOP topActivity=ComponentInfo{com.google.android.apps.nexuslauncher/com.google.android.apps.nexuslauncher.NexusLauncherActivity} launchCookie=null},{atype=standard independent=true modes=[CLOSE,TO_BACK] flags=NONE mustBeTask=false order=ANY topActivity=null launchCookie=null}]} RemoteTransition { remoteTransition = android.window.IRemoteTransition$Stub$Proxy@9f6473c, appThread = android.app.IApplicationThread$Stub$Proxy@bf8ccc5, debugName = QuickstepLaunchHome }}
01-05 14:45:46.538   836   937 D RemoteTransitionHandler: Found filterPair{{types=[] flags=0x0] notFlags=0x100 checks=[{atype=home independent=true modes=[OPEN,TO_FRONT] flags=NONE mustBeTask=false order=TOP topActivity=ComponentInfo{com.google.android.apps.nexuslauncher/com.google.android.apps.nexuslauncher.NexusLauncherActivity} launchCookie=null},{atype=standard independent=true modes=[CLOSE,TO_BACK] flags=NONE mustBeTask=false order=ANY topActivity=null launchCookie=null}]} RemoteTransition { remoteTransition = android.window.IRemoteTransition$Stub$Proxy@9f6473c, appThread = android.app.IApplicationThread$Stub$Proxy@bf8ccc5, debugName = QuickstepLaunchHome }}
01-05 14:45:46.538   836   937 V WindowManagerShell:  Delegate animation for (#69) to RemoteTransition { remoteTransition = android.window.IRemoteTransition$Stub$Proxy@9f6473c, appThread = android.app.IApplicationThread$Stub$Proxy@bf8ccc5, debugName = QuickstepLaunchHome }
01-05 14:45:46.538   583  1345 W AppSearchIcing: icing-search-engine.cc:321: Error: 5, Message: Document (com.google.android.googlequicksearchbox$OneSearchZeroStateGoogleSuggestions/default, zp) not found.
01-05 14:45:46.541  2570  2745 D OneSearchSuggestProvider: AppSearch 0-state cache not available, fallback to AGA
01-05 14:45:46.541  2570  2745 D OneSearchSuggestProvider: java.util.concurrent.CompletionException: java.util.NoSuchElementException: No value present
01-05 14:45:46.541  2570  2745 D OneSearchSuggestProvider: 	at java.util.concurrent.CompletableFuture.encodeThrowable(CompletableFuture.java:308)
01-05 14:45:46.541  2570  2745 D OneSearchSuggestProvider: 	at java.util.concurrent.CompletableFuture.completeThrowable(CompletableFuture.java:323)
01-05 14:45:46.541  2570  2745 D OneSearchSuggestProvider: 	at java.util.concurrent.CompletableFuture$UniAccept.tryFire(CompletableFuture.java:684)
01-05 14:45:46.541  2570  2745 D OneSearchSuggestProvider: 	at java.util.concurrent.CompletableFuture.postComplete(CompletableFuture.java:486)
01-05 14:45:46.541  2570  2745 D OneSearchSuggestProvider: 	at java.util.concurrent.CompletableFuture.completeExceptionally(CompletableFuture.java:2138)
01-05 14:45:46.541  2570  2745 D OneSearchSuggestProvider: 	at com.google.android.apps.nexuslauncher.allapps.E0.onResult(go/retraceme 2855a437b73635ce9cad76b9289087e631bbb67fc90008a0da13d343a00e5041:67)
01-05 14:45:46.541  2570  2745 D OneSearchSuggestProvider: 	at android.app.appsearch.SearchSessionUtil$1.lambda$onResult$0(go/retraceme 64eee9e9f568ff45978879ad2ff83146f2618ee8a88278736fbdf5fae931976e:144)
01-05 14:45:46.541  2570  2745 D OneSearchSuggestProvider: 	at android.app.appsearch.SearchSessionUtil$1.$r8$lambda$CEk3q8sDAQVhU3rQwVueB8FAj_M(go/retraceme 64eee9e9f568ff45978879ad2ff83146f2618ee8a88278736fbdf5fae931976e:1)
01-05 14:45:46.541  2570  2745 D OneSearchSuggestProvider: 	at android.app.appsearch.SearchSessionUtil$1$$ExternalSyntheticLambda0.run(go/retraceme 64eee9e9f568ff45978879ad2ff83146f2618ee8a88278736fbdf5fae931976e:22)
01-05 14:45:46.541  2570  2745 D OneSearchSuggestProvider: 	at android.os.Handler.handleCallback(Handler.java:959)
01-05 14:45:46.541  2570  2745 D OneSearchSuggestProvider: 	at android.os.Handler.dispatchMessage(Handler.java:100)
01-05 14:45:46.541  2570  2745 D OneSearchSuggestProvider: 	at android.os.Looper.loopOnce(Looper.java:232)
01-05 14:45:46.541  2570  2745 D OneSearchSuggestProvider: 	at android.os.Looper.loop(Looper.java:317)
01-05 14:45:46.541  2570  2745 D OneSearchSuggestProvider: 	at android.os.HandlerThread.run(HandlerThread.java:85)
01-05 14:45:46.541  2570  2745 D OneSearchSuggestProvider: Caused by: java.util.NoSuchElementException: No value present
01-05 14:45:46.541  2570  2745 D OneSearchSuggestProvider: 	at java.util.Optional.get(Optional.java:143)
01-05 14:45:46.541  2570  2745 D OneSearchSuggestProvider: 	at com.google.android.apps.nexuslauncher.allapps.E0.onResult(go/retraceme 2855a437b73635ce9cad76b9289087e631bbb67fc90008a0da13d343a00e5041:28)
01-05 14:45:46.541  2570  2745 D OneSearchSuggestProvider: 	... 8 more
01-05 14:45:46.541  5229  5255 I AiAiEcho: Predicting[0]:  [CONTEXT sampling_count=5 ]
01-05 14:45:46.541  5229  5255 I AiAiEcho: EchoTargets: 
01-05 14:45:46.541  5229  5255 I AiAiEcho: Filtered by AiAi flag check: 
01-05 14:45:46.541  5229  5255 I AiAiEcho: [CONTEXT ratelimit_period="10 SECONDS" ]
01-05 14:45:46.542  5229  5255 I AiAiEcho: Ranked targets strategy: SORT, count: 0, ranking metadata:  [CONTEXT ratelimit_period="10 SECONDS" ]
01-05 14:45:46.542  5229  5255 I AiAiEcho: #remoteViewsTwiddler: feature disabled.
01-05 14:45:46.544  2570  2745 D OneSearchSuggestProvider: Established or reuse existing binder channel authority=com.google.android.googlequicksearchbox
01-05 14:45:46.544  2570  2630 D QuickstepModelDelegate: notifyAppTargetEvent action=1 launchLocation=workspace/0/[-1,-1]/[1,1]
01-05 14:45:46.551  2570  2570 D StateManager: createAtomicAnimation - fromState: Background, toState: Normal, partial trace:
01-05 14:45:46.551  2570  2570 D StateManager: 	at com.android.quickstep.util.StaggeredWorkspaceAnim.prepareToAnimate(go/retraceme 2855a437b73635ce9cad76b9289087e631bbb67fc90008a0da13d343a00e5041:22)
01-05 14:45:46.551  2570  2570 D StateManager: 	at com.android.quickstep.util.StaggeredWorkspaceAnim.<init>(go/retraceme 2855a437b73635ce9cad76b9289087e631bbb67fc90008a0da13d343a00e5041:4)
01-05 14:45:46.551  2570  2570 D StateManager: 	at com.android.quickstep.util.StaggeredWorkspaceAnim.<init>(go/retraceme 2855a437b73635ce9cad76b9289087e631bbb67fc90008a0da13d343a00e5041:1)
01-05 14:45:46.558  2570  2592 E FrameEvents: addRelease: Did not find frame.
01-05 14:45:46.574   583  1428 D ActivityManager: sync unfroze 5614 com.google.android.googlequicksearchbox:search for 6
01-05 14:45:46.588   583   608 V WindowManager: Sent Transition (#69) createdAt=01-05 14:45:46.467 via request=TransitionRequestInfo { type = CLOSE, triggerTask = null, pipTask = null, remoteTransition = null, displayChange = null, flags = 16, debugId = 69 }
01-05 14:45:46.588   583   608 V WindowManager:     startWCT=WindowContainerTransaction { changes = {} hops = [] errorCallbackToken=null taskFragmentOrganizer=null }
01-05 14:45:46.588   583   608 V WindowManager:     info={id=69 t=CLOSE f=0x10 trk=0 r=[0@Point(0, 0)] c=[
01-05 14:45:46.588   583   608 V WindowManager:         {WCT{RemoteToken{2f5bbd9 Task{ba57e01 #1 type=home}}} m=TO_FRONT f=SHOW_WALLPAPER|MOVE_TO_TOP leash=Surface(name=Task=1)/@0x9c107c6 sb=Rect(0, 0 - 1080, 2400) eb=Rect(0, 0 - 1080, 2400) d=0 taskParent=-1},
01-05 14:45:46.588   583   608 V WindowManager:         {WCT{RemoteToken{8481869 Task{9e62743 #40 type=standard A=10205:com.rsr41.oracle}}} m=CLOSE f=NONE leash=Surface(name=Task=40)/@0xfcf6733 sb=Rect(0, 0 - 1080, 2400) eb=Rect(0, 0 - 1080, 2400) d=0 taskParent=-1},
01-05 14:45:46.588   583   608 V WindowManager:         {null m=TO_FRONT f=IS_WALLPAPER leash=Surface(name=WallpaperWindowToken{cd2d6c6 token=android.os.Binder@fe424a1})/@0xc77c8c6 sb=Rect(0, 0 - 1080, 2400) eb=Rect(0, 0 - 1080, 2400) d=0}
01-05 14:45:46.588   583   608 V WindowManager:     ]}
01-05 14:45:46.598   453   453 E SurfaceFlinger: Out of order buffers detected for RequestedLayerState{com.google.android.apps.nexuslauncher/com.google.android.apps.nexuslauncher.NexusLauncherActivity#428 parentId=116} producedId=26 frameNumber=55 -> producedId=26 frameNumber=2
01-05 14:45:46.599  5229  5255 I AiAiEcho: #postPredictionTargets: Sending updates to UISurface home with targets# 0 (types=[])
01-05 14:45:46.605   836   937 V WindowManagerShell:  animated by com.android.wm.shell.transition.RemoteTransitionHandler@abeff3c
01-05 14:45:46.608   583  1428 W UserManagerService: Requested status bar icon for non-badged user 0
01-05 14:45:46.622   836  1011 W WindowOnBackDispatcher: sendCancelIfRunning: isInProgress=false callback=android.view.ViewRootImpl$$ExternalSyntheticLambda11@7edf1dc
01-05 14:45:46.625   583  1629 W InputManager-JNI: Input channel object '6afc9ec Splash Screen com.rsr41.oracle (client)' was disposed without first being removed with the input manager!
01-05 14:45:46.627   583   604 W WindowManager: Failed looking up window session=Session{43bdac4 836:u0a10179} callers=com.android.server.wm.WindowManagerService.windowForClientLocked:6311 com.android.server.wm.Session.setOnBackInvokedCallbackInfo:1020 android.view.IWindowSession$Stub.onTransact:1199 
01-05 14:45:46.627   583   604 I WindowManager: setOnBackInvokedCallback(): No window state for package:com.android.systemui
01-05 14:45:46.642   836  1036 D EGL_emulation: app_time_stats: avg=216.76ms min=3.69ms max=1640.12ms count=8
01-05 14:45:46.643  2570  2612 D EGL_emulation: app_time_stats: avg=100.30ms min=1.46ms max=1416.71ms count=15
01-05 14:45:46.647   583   611 W ProcessStats: Tracking association SourceState{a85d9f8 com.google.android.apps.nexuslauncher/10174 BTop #4931} whose proc state 2 is better than process ProcessState{1bb3eeb com.google.android.googlequicksearchbox:search/10145 pkg=com.google.android.googlequicksearchbox} proc state 14 (20 skipped)
01-05 14:45:46.652  5614  5614 I A       : (REDACTED) Created gRPC endpoint for service %s
01-05 14:45:46.653   453   453 E SurfaceFlinger: Out of order buffers detected for RequestedLayerState{com.google.android.apps.nexuslauncher/com.google.android.apps.nexuslauncher.NexusLauncherActivity#428 parentId=116} producedId=26 frameNumber=55 -> producedId=26 frameNumber=3
01-05 14:45:46.667   490   555 W IPCThreadState: Sending oneway calls to frozen process.
01-05 14:45:46.677   583   781 D ShortcutService: received package broadcast intent: Intent { act=android.intent.action.PACKAGE_CHANGED dat=package: flg=0x45000010 (has extras) }
01-05 14:45:46.677   583   781 D ShortcutService: changing package: com.rsr41.oracle userId0
01-05 14:45:46.678   583   781 D ShortcutService: handlePackageChanged: com.rsr41.oracle user=0
01-05 14:45:46.678   583   781 D ShortcutService: rescanPackageIfNeeded 0@com.rsr41.oracle, forceRescan=true , isNewApp=true
01-05 14:45:46.679   583   781 D ShortcutService: Package com.rsr41.oracle has 0 manifest shortcut(s), and 0 share target(s)
01-05 14:45:46.705   583   618 W MagnificationConnectionManager: requestConnection duplicated request: connect=false, mConnectionState=DISCONNECTED
01-05 14:45:46.735   453   453 E SurfaceFlinger: Out of order buffers detected for RequestedLayerState{com.google.android.apps.nexuslauncher/com.google.android.apps.nexuslauncher.NexusLauncherActivity#428 parentId=116} producedId=26 frameNumber=55 -> producedId=26 frameNumber=4
01-05 14:45:46.736   583   698 I ImeTracker: com.google.android.apps.nexuslauncher:e04115fd: onRequestHide at ORIGIN_SERVER reason HIDE_SAME_WINDOW_FOCUSED_WITHOUT_EDITOR fromUser false
01-05 14:45:46.736   583   698 I ImeTracker: com.google.android.apps.nexuslauncher:e04115fd: onCancelled at PHASE_SERVER_SHOULD_HIDE
01-05 14:45:46.738  5668  5668 I GoogleInputMethodService: GoogleInputMethodService.onFinishInput():3157 
01-05 14:45:46.745  5668  5668 I GoogleInputMethodService: GoogleInputMethodService.updateDeviceLockedStatus():2248 repeatCheckTimes = 0, locked = false
01-05 14:45:46.748  5668  5668 I GoogleInputMethodService: GoogleInputMethodService.onStartInput():1986 onStartInput(EditorInfo{EditorInfo{packageName=com.google.android.apps.nexuslauncher, inputType=0, inputTypeString=NULL, enableLearning=false, autoCorrection=false, autoComplete=false, imeOptions=0, privateImeOptions=null, actionName=UNSPECIFIED, actionLabel=null, initialSelStart=-1, initialSelEnd=-1, initialCapsMode=0, label=null, fieldId=0, fieldName=null, extras=null, hintText=null, hintLocales=[]}}, false)
01-05 14:45:46.748  2570  2577 I s.nexuslauncher: NativeAlloc concurrent mark compact GC freed 3515KB AllocSpace bytes, 47(2240KB) LOS objects, 49% free, 8368KB/16MB, paused 1.298ms,10.716ms total 149.757ms
01-05 14:45:46.749  5668  5668 I GoogleInputMethodService: GoogleInputMethodService.updateDeviceLockedStatus():2248 repeatCheckTimes = 1, locked = false
01-05 14:45:46.749  5668  5668 I AndroidIME: InputBundleManager.loadActiveInputBundleId():450 loadActiveInputBundleId: und-Latn-x-password, password
01-05 14:45:46.750   583  1629 W PackageConfigPersister: App-specific configuration not found for packageName: com.google.android.apps.nexuslauncher and userId: 0
01-05 14:45:46.758  5229  5229 I AiAiEcho: AppFetcherImpl onPackageChanged com.rsr41.oracle.
01-05 14:45:46.759   961   961 D CarrierSvcBindHelper: onPackageModified: com.rsr41.oracle
01-05 14:45:46.765   961   961 D CarrierSvcBindHelper: No carrier app for: 0
01-05 14:45:46.766   583   583 W IPCThreadState: Sending oneway calls to frozen process.
01-05 14:45:46.766   583   583 W IPCThreadState: Sending oneway calls to frozen process.
01-05 14:45:46.766   583   583 W IPCThreadState: Sending oneway calls to frozen process.
01-05 14:45:46.766   583   583 W IPCThreadState: Sending oneway calls to frozen process.
01-05 14:45:46.767   583   583 W IPCThreadState: Sending oneway calls to frozen process.
01-05 14:45:46.773  5229 10048 I AiAiEcho: AppIndexer Package:[com.rsr41.oracle] UserProfile:[0] Enabled:[true].
01-05 14:45:46.773  5229 10048 I AiAiEcho: AppFetcherImplV2 updateApps package:[com.rsr41.oracle], userId:[0], reason:[package is updated.].
01-05 14:45:46.776   453   453 E SurfaceFlinger: Out of order buffers detected for RequestedLayerState{com.google.android.apps.nexuslauncher/com.google.android.apps.nexuslauncher.NexusLauncherActivity#428 parentId=116} producedId=26 frameNumber=55 -> producedId=26 frameNumber=5
01-05 14:45:46.779   583   815 D ActivityManager: sync unfroze 5369 com.google.android.permissioncontroller for 6
01-05 14:45:46.780  2570  2579 W System  : A resource failed to call release. 
01-05 14:45:46.781  2570  2579 W System  : A resource failed to call release. 
01-05 14:45:46.781  2570  2579 W System  : A resource failed to call release. 
01-05 14:45:46.781  2570  2579 W System  : A resource failed to call release. 
01-05 14:45:46.784  2570  2579 W System  : A resource failed to call release. 
01-05 14:45:46.784  2570  2579 W System  : A resource failed to call release. 
01-05 14:45:46.784  2570  2579 W s.nexuslauncher: ApkAssets: Deleting an ApkAssets object '<empty> and /data/app/~~thiVIGnZVuxNoSbad4SJAQ==/com.rsr41.oracle-4hSAO4S6-PBXzv_gVS_j4g==/base.apk' with 1 weak references
01-05 14:45:46.786  2570  2579 W System  : A resource failed to call release. 
01-05 14:45:46.786  2570  2579 W System  : A resource failed to call release. 
01-05 14:45:46.786  2570  2579 W System  : A resource failed to call release. 
01-05 14:45:46.787   961   961 E SmsApplication: com.google.android.apps.messaging lost android:read_cell_broadcasts:  (fixing)
01-05 14:45:46.788   583  1428 W AppOpService: Ignored setUidMode call for runtime permission app op: uid = 10141, code = READ_CELL_BROADCASTS, mode = allow, callingUid = 1001, oldMode = allow
01-05 14:45:46.793   453   453 E SurfaceFlinger: Out of order buffers detected for RequestedLayerState{com.google.android.apps.nexuslauncher/com.google.android.apps.nexuslauncher.NexusLauncherActivity#428 parentId=116} producedId=26 frameNumber=55 -> producedId=26 frameNumber=6
01-05 14:45:46.794   836   836 D ControlsListingControllerImpl: ServiceConfig reloaded, count: 0
01-05 14:45:46.795  2570  2630 D PackageUpdatedTask: Package updated: mOp=UPDATE packages=[com.rsr41.oracle]
01-05 14:45:46.802  5369  9508 I PermissionControllerServiceImpl: Updating user sensitive for uid 10205
01-05 14:45:46.811   961   961 E CellBroadcastUtils: getDefaultCellBroadcastReceiverPackageName: no package found
01-05 14:45:46.813   583  1629 W AppOpService: Ignored setUidMode call for runtime permission app op: uid = 1001, code = READ_SMS, mode = allow, callingUid = 1001, oldMode = allow
01-05 14:45:46.815   583   957 W AppOpService: Ignored setUidMode call for runtime permission app op: uid = 1001, code = RECEIVE_SMS, mode = allow, callingUid = 1001, oldMode = allow
01-05 14:45:46.815   583  1629 W AppOpService: Ignored setUidMode call for runtime permission app op: uid = 1001, code = RECEIVE_WAP_PUSH, mode = allow, callingUid = 1001, oldMode = allow
01-05 14:45:46.821   583   957 W AppOpService: Ignored setUidMode call for runtime permission app op: uid = 1001, code = SEND_SMS, mode = allow, callingUid = 1001, oldMode = allow
01-05 14:45:46.834   583   957 W AppOpService: Ignored setUidMode call for runtime permission app op: uid = 1001, code = READ_CELL_BROADCASTS, mode = allow, callingUid = 1001, oldMode = allow
01-05 14:45:46.880   961  1161 D ImsResolver: maybeAddedImsService, packageName: com.rsr41.oracle
01-05 14:45:46.892   453   453 E SurfaceFlinger: Out of order buffers detected for RequestedLayerState{com.google.android.apps.nexuslauncher/com.google.android.apps.nexuslauncher.NexusLauncherActivity#428 parentId=116} producedId=26 frameNumber=55 -> producedId=26 frameNumber=7
01-05 14:45:46.928   453  1176 W VsyncModulator: setTransactionSchedule: Unexpected EarlyEnd
01-05 14:45:46.948   453   453 E SurfaceFlinger: Out of order buffers detected for RequestedLayerState{com.google.android.apps.nexuslauncher/com.google.android.apps.nexuslauncher.NexusLauncherActivity#428 parentId=116} producedId=26 frameNumber=55 -> producedId=26 frameNumber=8
01-05 14:45:46.969   583   611 W ActivityTaskManager: Activity top resumed state loss timeout for ActivityRecord{3baa4f2 u0 com.rsr41.oracle/.MainActivity t40 f} isExiting}
01-05 14:45:46.978   453   453 E SurfaceFlinger: Out of order buffers detected for RequestedLayerState{com.google.android.apps.nexuslauncher/com.google.android.apps.nexuslauncher.NexusLauncherActivity#428 parentId=116} producedId=26 frameNumber=55 -> producedId=26 frameNumber=9
01-05 14:45:46.982  2570  2570 D SearchTargetUtil: queryLength=0 size=15
01-05 14:45:46.982  2570  2570 D SearchTargetUtil: layoutType=short_icon_row resultType=131072 packageName=com.google.android.googlequicksearchbox extras=Bundle{suggestion_type=33,suggest_truncate_start=false,is_answer=false,is_entity=false,is_personal=false,suggest_raw_text=flu virus,input_query=android.app.search.Query@580b1d0,group_id=web4520829,response_id=7c40e7ce-6909-43b5-ab2c-301461a1bac5,support_query_builder=false,} searchAction=flu virus searchActionExtras=Bundle{learn_more_url=https://support.google.com/websearch/answer/106230?hl=106230,suggestion_action_text=Report this,should_start_for_result=true,allow_pinning=true,skip_logging_in_target_handler=true,suggestion_action_rpc=2,}ParentID: null targetID: ce99e7d2-9013-4625-9da5-92faf7062427
01-05 14:45:46.982  2570  2570 D SearchTargetUtil: layoutType=extra_tall_icon_row resultType=131072 packageName=com.google.android.googlequicksearchbox extras=Bundle{bitmap_url=data:image/jpeg;base64,/9j/4AAQSkZJRgABAQAAAQABAAD/2wCEAAkGBwgHBgkIBwgKCgkLDRYPDQwMDRsUFRAWIB0iIiAdHx8kKDQsJCYxJx8fLT0tMTU3Ojo6Iys/RD84QzQ5OjcBCgoKDQwNGg8PGjclHyU3Nzc3Nzc3Nzc3Nzc3Nzc3Nzc3Nzc3Nzc3Nzc3Nzc3Nzc3Nzc3Nzc3Nzc3Nzc3Nzc3N//AABEIAHwAfAMBIgACEQEDEQH/xAAbAAADAQEBAQEAAAAAAAAAAAAEBQYDBwECAP/EADsQAAIBAwIDBQYEBQIHAAAAAAECAwAEERIhBTFBBhMiUWEUMnGBkbFCUqHhFSNiwdEWNAckM2OCsvD/xAAZAQADAQEBAAAAAAAAAAAAAAABAgMEAAX/xAAkEQACAgICAgEFAQAAAAAAAAAAAQIRITEDEkFhMhMiUZHBBP/aAAwDAQACEQMRAD8At7604twyN44LmdwACFBDjHUnO4rO14lxbvQk9kbg6dQVDobHng70/wCJN30aS6W0SeEsRjFEx4t4FmmZfEmwI+nwpqEsneI8fgk4bd2skMttOyaUWWLBIPOoDiGTw+T+pwP1qs7UzxWfB5We6aMvIG8X8wfrkgVy3ifFJbxFU4WFDkHln1odl1G62xnZyWUXErYcQn7qESK0hAJIXPkAaZX/AGm4TB2tueJ2vtM1s9r3AyFVh6jNQUzg4wNTZ3PnWTv1L7+vSkiM1QyW6ihvxdSRt3ZDALkZG1M4JY7iz/ksHw42HPf0qcgIlcFhkcq1gaSznjmico6nKuPP+9NVg0dQ4NayWschkK6mVfD1AA61VcI4EeIWRuGlVCWIQFcggVF9nOIx3sbSSuqzynxjPXFdR7MDHBLbP9X/ALGs0Iv6zbN/JJR/zRUXsm+I9mriCGSURK2hSdcbctvKuad3EEJZiXJJxiu78blEPB72Q9IW+2K4bMN61qNo85yaKjs9GV7Myt+acDavvTTHsxbj/S0hP5iR9KcT9mT7FD7NOGuHUYV1wM9T8BSTg2xoTSRG3BLOIIvfI8TflH+a0S3jRQqqMCt7y2HBnaO9VySxDTx+IE+teRvbyKGju4ip89qR8cii5IlWvG7c2wi7uRQo2Vjq3/avqG4gvTHFPO+nV+bAx61Mi+gDaZtcDeUy6f15frRqBGGtSGXnkHIpFzS8gfGmRv8AxG4ws/EzY2aqtrZ5UkHOt98nPXGcfWoN3bLA+expvxrS/Ebsw6ijTMyalwcEmkU5KEqBvT3YUqRqYw4K5xnmawkgBOQMCtYSWYL0Ap1YcONwDhK66D1sRQK6thcD49PjW+lpchZARz2605u+DyRITtk77Uq0GKXBHLfflVISsScGhrwSUwyhXyUchTg/Su5dmzxGDgVkBBb3Efd5GmXS2PmMH61w3hmpp0bwFTzI6V3HsFI79mLYNgBGdVwc7ajVpJdbIxk/iZ9rOISHgF1GbO5idlwdaAqB8QSK5PNzrrPb3iaWPA5IGRjJdgopHIDbJNcqgFtdOwWckrzAXcUqf2nNW6LCz4hDY8Dt7Vmbvpsssa/i5V0Xh8EkVvH38gknKgM+MD4D0rnfs3D7uztZn4gkNxYqQseN3J/tV7BPeG3EkLWt4unYxsVz9x9qEqegq1hoiri4F7xHiVnMMgzsYzjlvihhwSxjGma4AfqBgVrfyScOuEa4tZomkcu5K7H0zWF8iTXBliK6JBqFaY59IzvHtjAqDsRkeVY/w621Fo0MTHrESv22oivsDbnXjnpHMOKWDWvG7u2ZmKrgxljvpPKkl5w9i5YdelWXbRoxxNJo5UZjGFKjmMUgZ9W5Ip02UjFNCqK0ZZOXM1R2cpgjUR4DDqaXAjOdude99zwaLyUjChqx75HLHOBSm4s2lOUGc0dZOxVlIyCMfCnFlwYzwiTv1B38DDnTw2T5VaJmCE2UgDZB/FjrVhw7tdfdnbEWtqLaZFPeSrLG2V1YxvkZHL50v4paiThpuI4Se6IJHUgeVT63S3FjN30fjQqobzUnJB+mR86upkPorq35LTifbmHtFwprC4skjvCwMUqN4fXY7jbbnUxYr7POpYeJ239BU7eobV1lhc4zkDqtUVrce3cPW6jXMyrpYD7/AP3pRk140Qj7DhPqabDfgq57DwTteXCRXkkcQiDOYse8eXMEedQ08cS21rJEqq72+lxndmB510TsHcQxWU892yxS3EgI8OFwB/kmuVJHSyynawllXTNdi4j/ACTwI32ApBf9krqa7kks7u1hhb3Y+5Ph/WqmGSOXxRSI4/pOa1oKbRzhFnN/4haEYE6auWnOGz8OdbxxvPgzeCPogPP418izibJnRZ3PNpADWb2lvbwySxmWDQpb+W5A29OVYTUc847OZ+NXLdNegegG1AFDg1nMZWnd9YbUxbxDesbmS6Ve8XL6ua45VaawqDwyyzchtgds1qmhRuQaVWlzNdsY2UowGd6HvVvEl04Yr022NIr8mhyxZTWt1BGTqlCr6DNOU43FNCi27E6OeB0qHsjIyNHMfe/CFp3YKkcqhFHqBTAWclrHcp/CplVPHp7zV6ioPjhWzsrKBQFZmLEgY1YH71WwXCa+75Arprn3aIyNOod2buvAuelNHLE5MRZ93oMtshHMU47GoZIrmGbISVSg3x8/rip+1n7220E7074ZOLZY1TbHKnbxRjrNjiyhLONcrsFPuMvKrns/k2hhBBSPkc+LfzFRBmMd4wUbs2fqM034dOjSsklzNEpGHeHmtLGVMaUU0WQRlOV2PmKKW8u1ACzygfHNILO1vXGqy497Qn5ZolYj44wa9H+pIyylOHyjUcNqZdvhvWjZF2gi3mWeJZU5HoelC8flMXBrtv8At4+tSnDu2AtH0cRbNuAcske6nz2o7j/GrLiPCFWwuo5gzAsFO4HqKw1TNN2RLNlyaLmhLWMci9F8XwoaOF5XYRrkgefKmnepbQKjYJVcGqzkkqBx2pWhLGESZVGzOcZ86Y3MZ9lDxqWA2K0od9N0sqe6pIx5VtJxSZIjBHhSxyxIzgDyqadm5NUfUFzFIm22OnUUdarqcMNv8UinZI8OrKCennTKzmwiyBvd55ogbwM5Lo27FnyCOpqX4jL30wJ65amPGrkNg5xkcqQM/fTFvwjYfKijPyyxRtAvd5OefKmEUxUDB3FABgBqk2Wsbi4kkXRGNKnp1NVWdmYpF4y97KwiCqfxyL9hRljO8E693IQuNxSi3MVtGqaGL45oM0xs9Oos5LDHIDl/akdDof2d26Td9DIyjORg8qqrXtDiEC4jLOPxLtmufTcQVPdbQo6DnQ/8Y3Ol5sfH9qEeyA6Yg4pJJ3JVMaW96lIlZTlSQR1FUMtk0q77CvIeHQReNlzjfeqRWBW8m1hM9vZRtK5aWRc4zuPj5V7cSuI138R3O9DK/eTqzbAsQPQDNezyAgGoVmyq0ZXMphgGrfOdvWhp4WnVZUllVCNwrVnfS62CZ6ZxRVpIsUWXDMnULzOxx+tNQ0ZVhmFtEiatOpiebNvRuqO3ikeQ6V075PKgp79oWK9y2epG9BT3Us58aMB0BFdRR8kVo3nunu5MkkIBsOpFeKdugAG3pXs8Ii4dbTFdLOzHV6eX2oCSV5NuS/emWSEpBay96+gbkcz0Aoi1QPdIMbLvQlmndxu/ntR/DB43fyAFFuhEN41wM4GeleS3BVdJbCIPq37V+LlYy2OQ29aXSN7ROIU8QXr5nqaUZhNuvtT6nJCD0pxGERAoIxQkAWJQq0Qp23I+dc3ZyVH0VyKE4gwigwObUcBtSzjjaVh9Sf7VSTwKti1XwQfItXjEuTisS2F/8iftWiygaMcyRmolAWX/AHAGx2pjYqrsodNSmRRp86WSHM7H1ptwhdU0C+cyfemejgW4i1PO
01-05 14:45:46.982  2570  2570 D SearchTargetUtil: layoutType=short_icon_row resultType=131072 packageName=com.google.android.googlequicksearchbox extras=Bundle{suggestion_type=33,suggest_truncate_start=false,is_answer=false,is_entity=false,is_personal=false,suggest_raw_text=today wordle hints,input_query=android.app.search.Query@580b1d0,group_id=web4520829,response_id=7c40e7ce-6909-43b5-ab2c-301461a1bac5,support_query_builder=false,} searchAction=today wordle hints searchActionExtras=Bundle{learn_more_url=https://support.google.com/websearch/answer/106230?hl=106230,suggestion_action_text=Report this,should_start_for_result=true,allow_pinning=true,skip_logging_in_target_handler=true,suggestion_action_rpc=2,}ParentID: null targetID: 645c87a0-d2e5-4039-8e2a-7a7533bbcb69
01-05 14:45:46.982  2570  2570 D SearchTargetUtil: layoutType=short_icon_row resultType=131072 packageName=com.google.android.googlequicksearchbox extras=Bundle{suggestion_type=33,suggest_truncate_start=false,is_answer=false,is_entity=false,is_personal=false,suggest_raw_text=dr janell green smith,input_query=android.app.search.Query@580b1d0,group_id=web4520829,response_id=7c40e7ce-6909-43b5-ab2c-301461a1bac5,support_query_builder=false,} searchAction=dr janell green smith searchActionExtras=Bundle{learn_more_url=https://support.google.com/websearch/answer/106230?hl=106230,suggestion_action_text=Report this,should_start_for_result=true,allow_pinning=true,skip_logging_in_target_handler=true,suggestion_action_rpc=2,}ParentID: null targetID: 5d7cca5d-95ca-48cf-8aca-ff19a95933b2
01-05 14:45:46.982  2570  2570 D SearchTargetUtil: layoutType=short_icon_row resultType=131072 packageName=com.google.android.googlequicksearchbox extras=Bundle{suggestion_type=33,suggest_truncate_start=false,is_answer=false,is_entity=false,is_personal=false,suggest_raw_text=snowfall weather forecast,input_query=android.app.search.Query@580b1d0,group_id=web4520829,response_id=7c40e7ce-6909-43b5-ab2c-301461a1bac5,support_query_builder=false,} searchAction=snowfall weather forecast searchActionExtras=Bundle{learn_more_url=https://support.google.com/websearch/answer/106230?hl=106230,suggestion_action_text=Report this,should_start_for_result=true,allow_pinning=true,skip_logging_in_target_handler=true,suggestion_action_rpc=2,}ParentID: null targetID: dd66734d-7889-491a-95ae-6e4a1ec4ac1b
01-05 14:45:46.982  2570  2570 D SearchTargetUtil: layoutType=short_icon_row resultType=131072 packageName=com.google.android.googlequicksearchbox extras=Bundle{suggestion_type=33,suggest_truncate_start=false,is_answer=false,is_entity=false,is_personal=false,suggest_raw_text=full moon supermoon,input_query=android.app.search.Query@580b1d0,group_id=web4520829,response_id=7c40e7ce-6909-43b5-ab2c-301461a1bac5,support_query_builder=false,} searchAction=full moon supermoon searchActionExtras=Bundle{learn_more_url=https://support.google.com/websearch/answer/106230?hl=106230,suggestion_action_text=Report this,should_start_for_result=true,allow_pinning=true,skip_logging_in_target_handler=true,suggestion_action_rpc=2,}ParentID: null targetID: 97d053a4-a508-4463-b4b5-0c9554c6c428
01-05 14:45:46.983  2570  2570 D SearchTargetUtil: layoutType=short_icon_row resultType=131072 packageName=com.google.android.googlequicksearchbox extras=Bundle{suggestion_type=33,suggest_truncate_start=false,is_answer=false,is_entity=false,is_personal=false,suggest_raw_text=ohio state football transfer portal,input_query=android.app.search.Query@580b1d0,group_id=web4520829,response_id=7c40e7ce-6909-43b5-ab2c-301461a1bac5,support_query_builder=false,} searchAction=ohio state football transfer portal searchActionExtras=Bundle{learn_more_url=https://support.google.com/websearch/answer/106230?hl=106230,suggestion_action_text=Report this,should_start_for_result=true,allow_pinning=true,skip_logging_in_target_handler=true,suggestion_action_rpc=2,}ParentID: null targetID: 42e193e3-6dde-4cb0-87a7-5d35bf54eb0d
01-05 14:45:46.983  2570  2570 D SearchTargetUtil: layoutType=short_icon_row resultType=131072 packageName=com.google.android.googlequicksearchbox extras=Bundle{suggestion_type=33,suggest_truncate_start=false,is_answer=false,is_entity=false,is_personal=false,suggest_raw_text=samsung galaxy galaxy s26 ultra,input_query=android.app.search.Query@580b1d0,group_id=web4520829,response_id=7c40e7ce-6909-43b5-ab2c-301461a1bac5,support_query_builder=false,} searchAction=samsung galaxy galaxy s26 ultra searchActionExtras=Bundle{learn_more_url=https://support.google.com/websearch/answer/106230?hl=106230,suggestion_action_text=Report this,should_start_for_result=true,allow_pinning=true,skip_logging_in_target_handler=true,suggestion_action_rpc=2,}ParentID: null targetID: 879618b9-485c-416e-a823-26ccccde12b1
01-05 14:45:46.983  2570  2570 D SearchTargetUtil: layoutType=short_icon_row resultType=131072 packageName=com.google.android.googlequicksearchbox extras=Bundle{suggestion_type=33,suggest_truncate_start=false,is_answer=false,is_entity=false,is_personal=false,suggest_raw_text=netflix stranger things series finale,input_query=android.app.search.Query@580b1d0,group_id=web4520829,response_id=7c40e7ce-6909-43b5-ab2c-301461a1bac5,support_query_builder=false,} searchAction=netflix stranger things series finale searchActionExtras=Bundle{learn_more_url=https://support.google.com/websearch/answer/106230?hl=106230,suggestion_action_text=Report this,should_start_for_result=true,allow_pinning=true,skip_logging_in_target_handler=true,suggestion_action_rpc=2,}ParentID: null targetID: 009b8445-f9df-4bc8-9f6b-0cd8d3d87d05
01-05 14:45:46.983  2570  2570 D SearchTargetUtil: layoutType=short_icon_row resultType=131072 packageName=com.google.android.googlequicksearchbox extras=Bundle{suggestion_type=33,suggest_truncate_start=false,is_answer=false,is_entity=false,is_personal=false,suggest_raw_text=ai stocks to buy,input_query=android.app.search.Query@580b1d0,group_id=web4520829,response_id=7c40e7ce-6909-43b5-ab2c-301461a1bac5,support_query_builder=false,} searchAction=ai stocks to buy searchActionExtras=Bundle{learn_more_url=https://support.google.com/websearch/answer/106230?hl=106230,suggestion_action_text=Report this,should_start_for_result=true,allow_pinning=true,skip_logging_in_target_handler=true,suggestion_action_rpc=2,}ParentID: null targetID: a5dd85de-3fe6-4d3d-a41b-3b45b563efa8
01-05 14:45:46.983  2570  2570 D SearchTargetUtil: layoutType=short_icon_row resultType=131072 packageName=com.google.android.googlequicksearchbox extras=Bundle{suggestion_type=33,suggest_truncate_start=false,is_answer=false,is_entity=false,is_personal=false,suggest_raw_text=superbug fungus candida auris,input_query=android.app.search.Query@580b1d0,group_id=web4520829,response_id=7c40e7ce-6909-43b5-ab2c-301461a1bac5,support_query_builder=false,} searchAction=superbug fungus candida auris searchActionExtras=Bundle{learn_more_url=https://support.google.com/websearch/answer/106230?hl=106230,suggestion_action_text=Report this,should_start_for_result=true,allow_pinning=true,skip_logging_in_target_handler=true,suggestion_action_rpc=2,}ParentID: null targetID: 919f4214-52ce-42ae-8997-44b2d3302ba6
01-05 14:45:46.983  2570  2570 D SearchTargetUtil: layoutType=short_icon_row resultType=131072 packageName=com.google.android.googlequicksearchbox extras=Bundle{suggestion_type=33,suggest_truncate_start=false,is_answer=false,is_entity=false,is_personal=false,suggest_raw_text=tim kaine senate venezuela vote,input_query=android.app.search.Query@580b1d0,group_id=web4520829,response_id=7c40e7ce-6909-43b5-ab2c-301461a1bac5,support_query_builder=false,} searchAction=tim kaine senate venezuela vote searchActionExtras=Bundle{learn_more_url=https://support.google.com/websearch/answer/106230?hl=106230,suggestion_action_text=Report this,should_start_for_result=true,allow_pinning=true,skip_logging_in_target_handler=true,suggestion_action_rpc=2,}ParentID: null targetID: 59076a8b-89b4-4234-8ddf-3e23cdb09c74
01-05 14:45:46.983  2570  2570 D SearchTargetUtil: layoutType=short_icon_row resultType=131072 packageName=com.google.android.googlequicksearchbox extras=Bundle{suggestion_type=33,suggest_truncate_start=false,is_answer=false,is_entity=false,is_personal=false,suggest_raw_text=detroit lions vs chicago bears stats,input_query=android.app.search.Query@580b1d0,group_id=web4520829,response_id=7c40e7ce-6909-43b5-ab2c-301461a1bac5,support_query_builder=false,} searchAction=detroit lions vs chicago bears stats searchActionExtras=Bundle{learn_more_url=https://support.google.com/websearch/answer/106230?hl=106230,suggestion_action_text=Report this,should_start_for_result=true,allow_pinning=true,skip_logging_in_target_handler=true,suggestion_action_rpc=2,}ParentID: null targetID: 204efe58-e330-443a-9b92-b12b1222c68c
01-05 14:45:46.983  2570  2570 D SearchTargetUtil: layoutType=short_icon_row resultType=131072 packageName=com.google.android.googlequicksearchbox extras=Bundle{suggestion_type=33,suggest_truncate_start=false,is_answer=false,is_entity=false,is_personal=false,suggest_raw_text=rockstar games gta 6 release date,input_query=android.app.search.Query@580b1d0,group_id=web4520829,response_id=7c40e7ce-6909-43b5-ab2c-301461a1bac5,support_query_builder=false,} searchAction=rockstar games gta 6 release date searchActionExtras=Bundle{learn_more_url=https://support.google.com/websearch/answer/106230?hl=106230,suggestion_action_text=Report this,should_start_for_result=true,allow_pinning=true,skip_logging_in_target_handler=true,suggestion_action_rpc=2,}ParentID: null targetID: d843dea5-a38b-4515-a067-cee8b5abd238
01-05 14:45:46.983  2570  2570 D SearchTargetUtil: layoutType=short_icon_row resultType=131072 packageName=com.google.android.googlequicksearchbox extras=Bundle{suggestion_type=33,suggest_truncate_start=false,is_answer=false,is_entity=false,is_personal=false,suggest_raw_text=sailor moon lego set,input_query=android.app.search.Query@580b1d0,group_id=web4520829,response_id=7c40e7ce-6909-43b5-ab2c-301461a1bac5,support_query_builder=false,} searchAction=sailor moon lego set searchActionExtras=Bundle{learn_more_url=https://support.google.com/websearch/answer/106230?hl=106230,suggestion_action_text=Report this,should_start_for_result=true,allow_pinning=true,skip_logging_in_target_handler=true,suggestion_action_rpc=2,}ParentID: null targetID: 950147d2-47ff-4fa9-ba46-50d8fbba3d36
01-05 14:45:47.008   453   453 E SurfaceFlinger: Out of order buffers detected for RequestedLayerState{com.google.android.apps.nexuslauncher/com.google.android.apps.nexuslauncher.NexusLauncherActivity#428 parentId=116} producedId=26 frameNumber=55 -> producedId=26 frameNumber=10
01-05 14:45:47.036   453   453 E SurfaceFlinger: Out of order buffers detected for RequestedLayerState{com.google.android.apps.nexuslauncher/com.google.android.apps.nexuslauncher.NexusLauncherActivity#428 parentId=116} producedId=26 frameNumber=55 -> producedId=26 frameNumber=11
01-05 14:45:47.037  2570  2570 D StatsLog: LAUNCHER_ALLAPPS_COUNT
01-05 14:45:47.124   453   453 E SurfaceFlinger: Out of order buffers detected for RequestedLayerState{com.google.android.apps.nexuslauncher/com.google.android.apps.nexuslauncher.NexusLauncherActivity#428 parentId=116} producedId=26 frameNumber=55 -> producedId=26 frameNumber=12
01-05 14:45:47.145   453   453 E SurfaceFlinger: Out of order buffers detected for RequestedLayerState{com.google.android.apps.nexuslauncher/com.google.android.apps.nexuslauncher.NexusLauncherActivity#428 parentId=116} producedId=26 frameNumber=55 -> producedId=26 frameNumber=13
01-05 14:45:47.170  2570  2570 D SsBaseTemplateCard: No text view can be set up
01-05 14:45:47.170  2570  2570 D SsBaseTemplateCard: Passed-in item info is null
01-05 14:45:47.170  2570  2570 D SsBaseTemplateCard: Passed-in item info is null
01-05 14:45:47.170  2570  2570 D SsBaseTemplateCard: Passed-in item info is null
01-05 14:45:47.170  2570  2570 I SsBaseTemplateCard: Secondary card pane is null
01-05 14:45:47.171   836   937 V WindowManagerShell: Transition animation finished (aborted=false), notifying core (#69) android.os.BinderProxy@de8f937@0
01-05 14:45:47.173   583   608 V WindowManager: Finish Transition (#69): created at 01-05 14:45:46.467 collect-started=0.104ms request-sent=0.174ms started=4.056ms ready=62.848ms sent=68.039ms finished=705.602ms
01-05 14:45:47.176   453   453 E SurfaceFlinger: Out of order buffers detected for RequestedLayerState{com.google.android.apps.nexuslauncher/com.google.android.apps.nexuslauncher.NexusLauncherActivity#428 parentId=116} producedId=26 frameNumber=55 -> producedId=26 frameNumber=14
01-05 14:45:47.177   836   937 V WindowManagerShell: Track 0 became idle
01-05 14:45:47.177   836   937 V WindowManagerShell: All active transition animations finished
01-05 14:45:47.178   583  1651 W UserManagerService: Requested status bar icon for non-badged user 0
01-05 14:45:47.182   583  1651 W UserManagerService: Requested status bar icon for non-badged user 0
01-05 14:45:47.186   583  4392 I EGL_emulation: Opening libGLESv1_CM_emulation.so
01-05 14:45:47.187   583  4392 I EGL_emulation: Opening libGLESv2_emulation.so
01-05 14:45:47.196   583  4392 W HWUI    : Failed to initialize 101010-2 format, error = EGL_SUCCESS
01-05 14:45:47.197   453   453 E SurfaceFlinger: Out of order buffers detected for RequestedLayerState{com.google.android.apps.nexuslauncher/com.google.android.apps.nexuslauncher.NexusLauncherActivity#428 parentId=116} producedId=26 frameNumber=55 -> producedId=26 frameNumber=15
01-05 14:45:47.199  2570  2570 I TopTaskTracker: onTaskRemoved: taskId=40
01-05 14:45:47.199  2570  2570 I TopTaskTracker: onTaskRemoved: taskId=40
01-05 14:45:47.226   453   453 E SurfaceFlinger: Out of order buffers detected for RequestedLayerState{com.google.android.apps.nexuslauncher/com.google.android.apps.nexuslauncher.NexusLauncherActivity#428 parentId=116} producedId=26 frameNumber=55 -> producedId=26 frameNumber=16
01-05 14:45:48.188   583  1405 E TaskPersister: File error accessing recents directory (directory doesn't exist?).
01-05 14:45:52.429  5598  5650 I BistoHotwordHelper: (REDACTED) getHotwordActive::active query: %s, watch: %s, devices connected: %s
01-05 14:45:53.975   583   734 W IPCThreadState: Sending oneway calls to frozen process.
01-05 14:45:53.975   583   734 W IPCThreadState: Sending oneway calls to frozen process.
01-05 14:45:53.975   583   734 W IPCThreadState: Sending oneway calls to frozen process.
01-05 14:45:53.975   583   734 W IPCThreadState: Sending oneway calls to frozen process.
01-05 14:45:53.975   583   734 W IPCThreadState: Sending oneway calls to frozen process.
01-05 14:45:53.975   583   734 W IPCThreadState: Sending oneway calls to frozen process.
01-05 14:45:53.976   583   734 W IPCThreadState: Sending oneway calls to frozen process.
01-05 14:45:53.976   583   734 W IPCThreadState: Sending oneway calls to frozen process.
01-05 14:45:53.976   583   734 W IPCThreadState: Sending oneway calls to frozen process.
01-05 14:45:53.976   583   734 W IPCThreadState: Sending oneway calls to frozen process.
01-05 14:45:53.977  5272  5467 I BugleRcsEngine: handleMessage processing message:[NOTIFY_UPTIME_IGNORE_STATE_CHANGED] with [non-null]:RcsEngineImpl reference [CONTEXT log_prefix="RcsEngineImpl[DUAL_REG]:[118d565c-1ad7]>Handler" thread_id=67 ]
01-05 14:45:53.977   583   734 W IPCThreadState: Sending oneway calls to frozen process.
01-05 14:45:53.977   583   734 W IPCThreadState: Sending oneway calls to frozen process.
01-05 14:45:53.977   583   734 W IPCThreadState: Sending oneway calls to frozen process.
01-05 14:45:53.977   583   734 W IPCThreadState: Sending oneway calls to frozen process.
01-05 14:45:53.977   583   734 W IPCThreadState: Sending oneway calls to frozen process.
01-05 14:45:53.977   583   734 W IPCThreadState: Sending oneway calls to frozen process.
01-05 14:45:53.977   583   734 W IPCThreadState: Sending oneway calls to frozen process.
01-05 14:45:53.977   583   734 W IPCThreadState: Sending oneway calls to frozen process.
01-05 14:45:53.978   583   734 W IPCThreadState: Sending oneway calls to frozen process.
01-05 14:45:53.978  5272  5356 I BugleRcsEngine: Connected state: [1], networkType: [WIFI] [CONTEXT thread_id=61 ]
01-05 14:45:53.981  5701  5713 I NullBinder: NullBinder for android.net.action.RECOMMEND_NETWORKS triggering remote TransactionTooLargeException due to Service without Chimera impl, calling uid: 1000, calling pid: 0
01-05 14:45:53.981  5701  5713 W .gms.persistent: Large reply transaction of 1056768 bytes, interface descriptor , code 1
01-05 14:45:53.983   583  1428 D ActivityManager: sync unfroze 5361 com.google.android.apps.messaging for 7
01-05 14:45:53.989  5272  5467 I BugleRcsEngine: No RCS Configuration was found in Bugle for simID: redacted-pii:sim_id[chars:20,last3:897] [CONTEXT log_prefix="ProvisioningEngineDataRetriever" thread_id=67 ]
01-05 14:45:55.889  2257  2304 I artd    : Dex parent of /data/app/~~phhvIpSKTlmYFxCl0iouUg==/com.google.android.gms-bL4peanl2EON-dCJj6suBQ==/base.apk is not writable: Permission denied
01-05 14:45:55.889  2257  2304 I artd    : GetBestInfo checking odex in dalvik-cache (/data/dalvik-cache/x86_64/data@app@~~phhvIpSKTlmYFxCl0iouUg==@com.google.android.gms-bL4peanl2EON-dCJj6suBQ==@base.apk@classes.dex)
01-05 14:45:55.889  2257  2304 I artd    : Loading /data/dalvik-cache/x86_64/data@app@~~phhvIpSKTlmYFxCl0iouUg==@com.google.android.gms-bL4peanl2EON-dCJj6suBQ==@base.apk@classes.dex with executable: 0
01-05 14:45:55.889  2257  2304 I artd    : OatFileAssistant test for existing oat file /data/dalvik-cache/x86_64/data@app@~~phhvIpSKTlmYFxCl0iouUg==@com.google.android.gms-bL4peanl2EON-dCJj6suBQ==@base.apk@classes.dex: File /data/dalvik-cache/x86_64/data@app@~~phhvIpSKTlmYFxCl0iouUg==@com.google.android.gms-bL4peanl2EON-dCJj6suBQ==@base.apk@classes.vdex does not exist.
01-05 14:45:55.889  2257  2304 I artd    : GetBestInfo checking odex next to the dex file (/data/app/~~phhvIpSKTlmYFxCl0iouUg==/com.google.android.gms-bL4peanl2EON-dCJj6suBQ==/oat/x86_64/base.odex)
01-05 14:45:55.889  2257  2304 I artd    : Loading /data/app/~~phhvIpSKTlmYFxCl0iouUg==/com.google.android.gms-bL4peanl2EON-dCJj6suBQ==/oat/x86_64/base.odex with executable: 0
01-05 14:45:55.890  2257  2304 I artd    : Successfully loaded /data/app/~~phhvIpSKTlmYFxCl0iouUg==/com.google.android.gms-bL4peanl2EON-dCJj6suBQ==/oat/x86_64/base.odex with executable: 0
01-05 14:45:55.890  2257  2304 I artd    : /data/app/~~phhvIpSKTlmYFxCl0iouUg==/com.google.android.gms-bL4peanl2EON-dCJj6suBQ==/oat/x86_64/base.odex is kOatUpToDate with filter speed-profile
01-05 14:45:55.891  2257  2304 I artd    : Dex parent of /data/app/~~phhvIpSKTlmYFxCl0iouUg==/com.google.android.gms-bL4peanl2EON-dCJj6suBQ==/split_AdsDynamite_installtime.apk is not writable: Permission denied
01-05 14:45:55.891  2257  2304 I artd    : GetBestInfo checking odex in dalvik-cache (/data/dalvik-cache/x86_64/data@app@~~phhvIpSKTlmYFxCl0iouUg==@com.google.android.gms-bL4peanl2EON-dCJj6suBQ==@split_AdsDynamite_installtime.apk@classes.dex)
01-05 14:45:55.891  2257  2304 I artd    : Loading /data/dalvik-cache/x86_64/data@app@~~phhvIpSKTlmYFxCl0iouUg==@com.google.android.gms-bL4peanl2EON-dCJj6suBQ==@split_AdsDynamite_installtime.apk@classes.dex with executable: 0
01-05 14:45:55.891  2257  2304 I artd    : OatFileAssistant test for existing oat file /data/dalvik-cache/x86_64/data@app@~~phhvIpSKTlmYFxCl0iouUg==@com.google.android.gms-bL4peanl2EON-dCJj6suBQ==@split_AdsDynamite_installtime.apk@classes.dex: File /data/dalvik-cache/x86_64/data@app@~~phhvIpSKTlmYFxCl0iouUg==@com.google.android.gms-bL4peanl2EON-dCJj6suBQ==@split_AdsDynamite_installtime.apk@classes.vdex does not exist.
01-05 14:45:55.891  2257  2304 I artd    : GetBestInfo checking odex next to the dex file (/data/app/~~phhvIpSKTlmYFxCl0iouUg==/com.google.android.gms-bL4peanl2EON-dCJj6suBQ==/oat/x86_64/split_AdsDynamite_installtime.odex)
01-05 14:45:55.891  2257  2304 I artd    : Loading /data/app/~~phhvIpSKTlmYFxCl0iouUg==/com.google.android.gms-bL4peanl2EON-dCJj6suBQ==/oat/x86_64/split_AdsDynamite_installtime.odex with executable: 0
01-05 14:45:55.892  2257  2304 I artd    : Successfully loaded /data/app/~~phhvIpSKTlmYFxCl0iouUg==/com.google.android.gms-bL4peanl2EON-dCJj6suBQ==/oat/x86_64/split_AdsDynamite_installtime.odex with executable: 0
01-05 14:45:55.892  2257  2304 I artd    : /data/app/~~phhvIpSKTlmYFxCl0iouUg==/com.google.android.gms-bL4peanl2EON-dCJj6suBQ==/oat/x86_64/split_AdsDynamite_installtime.odex is kOatUpToDate with filter speed
01-05 14:45:55.893  2257  2304 I artd    : Dex parent of /data/app/~~phhvIpSKTlmYFxCl0iouUg==/com.google.android.gms-bL4peanl2EON-dCJj6suBQ==/split_CronetDynamite_installtime.apk is not writable: Permission denied
