--------- beginning of system
01-05 14:45:44.609   583  1650 I ActivityManager: Force stopping com.rsr41.oracle appid=10205 user=0: from pid 10012
01-05 14:45:44.611   583   609 D DisplayManagerService: Drop pending events for gone uid 10205
01-05 14:45:44.611   583  1650 I ActivityManager: Killing 9950:com.rsr41.oracle/u0a205 (adj 905): stop com.rsr41.oracle due to from pid 10012
--------- beginning of main
01-05 14:45:44.625   961   961 D CarrierSvcBindHelper: onHandleForceStop: [com.rsr41.oracle]
01-05 14:45:44.626   961   961 D CarrierSvcBindHelper: No carrier app for: 0
01-05 14:45:44.631   463   463 I adbd    : Remote process closed the socket (on MSG_PEEK)
01-05 14:45:44.632   583  1650 V ActivityManager: Got obituary of 9950:com.rsr41.oracle
01-05 14:45:44.632   384   384 I Zygote  : Process 9950 exited due to signal 9 (Killed)
01-05 14:45:44.632   583   621 I libprocessgroup: Removed cgroup /sys/fs/cgroup/uid_10205/pid_9950
01-05 14:45:44.673   583  1650 W ActivityTaskManager: callingPackage for (uid=2000, pid=10017) has no WPC
01-05 14:45:44.674   583  1650 W OptProp : Cannot read opt property android.window.PROPERTY_COMPAT_ALLOW_USER_ASPECT_RATIO_OVERRIDE
01-05 14:45:44.674   583  1650 W OptProp : Cannot read opt property android.window.PROPERTY_COMPAT_ALLOW_USER_ASPECT_RATIO_FULLSCREEN_OVERRIDE
01-05 14:45:44.674   583  1650 W OptProp : Cannot read opt property android.window.PROPERTY_COMPAT_ALLOW_ORIENTATION_OVERRIDE
01-05 14:45:44.674   583  1650 V GrammaticalInflectionUtils: AttributionSource: android.content.AttributionSource@68b28588 does not have READ_SYSTEM_GRAMMATICAL_GENDER permission.
01-05 14:45:44.675   583  1650 W OptProp : Cannot read opt property android.window.PROPERTY_COMPAT_ALLOW_RESIZEABLE_ACTIVITY_OVERRIDES
01-05 14:45:44.675   583  1650 W OptProp : Cannot read opt property android.window.PROPERTY_COMPAT_ALLOW_MIN_ASPECT_RATIO_OVERRIDE
01-05 14:45:44.681   583  1650 I ActivityTaskManager: START u0 {flg=0x10000000 cmp=com.rsr41.oracle/.MainActivity} with LAUNCH_MULTIPLE from uid 2000 (BAL_ALLOW_PERMISSION) result code=0
01-05 14:45:44.681   836   937 V WindowManagerShell: Transition requested (#68): android.os.BinderProxy@793a7b TransitionRequestInfo { type = OPEN, triggerTask = TaskInfo{userId=0 taskId=40 displayId=0 isRunning=true baseIntent=Intent { flg=0x10000000 cmp=com.rsr41.oracle/.MainActivity } baseActivity=ComponentInfo{com.rsr41.oracle/com.rsr41.oracle.MainActivity} topActivity=ComponentInfo{com.rsr41.oracle/com.rsr41.oracle.MainActivity} origActivity=null realActivity=ComponentInfo{com.rsr41.oracle/com.rsr41.oracle.MainActivity} numActivities=1 lastActiveTime=4518976 supportsMultiWindow=true resizeMode=1 isResizeable=true minWidth=-1 minHeight=-1 defaultMinSize=220 token=WCT{android.window.IWindowContainerToken$Stub$Proxy@9919098} topActivityType=1 pictureInPictureParams=null shouldDockBigOverlays=false launchIntoPipHostTaskId=-1 lastParentTaskIdBeforePip=-1 displayCutoutSafeInsets=Rect(0, 136 - 0, 0) topActivityInfo=ActivityInfo{a9910f1 com.rsr41.oracle.MainActivity} launchCookies=[] positionInParent=Point(0, 0) parentTaskId=-1 isFocused=false isVisible=false isVisibleRequested=false isSleeping=false locusId=null displayAreaFeatureId=1 isTopActivityTransparent=false appCompatTaskInfo=AppCompatTaskInfo { topActivityInSizeCompat=false topActivityEligibleForLetterboxEducation= falseisLetterboxEducationEnabled= true isLetterboxDoubleTapEnabled= false topActivityEligibleForUserAspectRatioButton= false topActivityBoundsLetterboxed= false isFromLetterboxDoubleTap= false topActivityLetterboxVerticalPosition= -1 topActivityLetterboxHorizontalPosition= -1 topActivityLetterboxWidth=1080 topActivityLetterboxHeight=2400 isUserFullscreenOverrideEnabled=false isSystemFullscreenOverrideEnabled=false cameraCompatTaskInfo=CameraCompatTaskInfo { cameraCompatControlState=hidden freeformCameraCompatMode=inactive}}}, pipTask = null, remoteTransition = null, displayChange = null, flags = 0, debugId = 68 }
01-05 14:45:44.682  2570  2570 W SplitSelectStateCtor: Missing session instanceIds
01-05 14:45:44.682  2570  2570 D StatsLog: LAUNCHER_SPLIT_SELECTION_EXIT_INTERRUPTED
01-05 14:45:44.683   583   611 V GrammaticalInflectionUtils: AttributionSource: android.content.AttributionSource@68b28588 does not have READ_SYSTEM_GRAMMATICAL_GENDER permission.
01-05 14:45:44.684   836   937 D WindowManagerShell: setLauncherKeepClearAreaHeight: visible=false, height=527
01-05 14:45:44.684   490   555 W IPCThreadState: Sending oneway calls to frozen process.
01-05 14:45:44.685  2570  2570 I TopTaskTracker: onTaskMovedToFront: (moved taskInfo to front) taskId=40, baseIntent=Intent { flg=0x10000000 cmp=com.rsr41.oracle/.MainActivity }
01-05 14:45:44.692   453   453 I BpBinder: onLastStrongRef automatically unlinking death recipients: 
01-05 14:45:44.694   583   942 D CoreBackPreview: Window{6afc9ec u0 Splash Screen com.rsr41.oracle}: Setting back callback OnBackInvokedCallbackInfo{mCallback=android.window.IOnBackInvokedCallback$Stub$Proxy@6fd897, mPriority=0, mIsAnimationCallback=false}
01-05 14:45:44.698   384   384 D Zygote  : Forked child process 10020
01-05 14:45:44.702   583   620 I ActivityManager: Start proc 10020:com.rsr41.oracle/u0a205 for next-top-activity {com.rsr41.oracle/com.rsr41.oracle.MainActivity}
01-05 14:45:44.709 10020 10020 I om.rsr41.oracle: Late-enabling -Xcheck:jni
01-05 14:45:44.745   836  3167 V WindowManagerShell: onTransitionReady(transaction=2503965937075)
01-05 14:45:44.745   583   608 V WindowManager: Sent Transition (#68) createdAt=01-05 14:45:44.675 via request=TransitionRequestInfo { type = OPEN, triggerTask = TaskInfo{userId=0 taskId=40 displayId=0 isRunning=true baseIntent=Intent { flg=0x10000000 cmp=com.rsr41.oracle/.MainActivity } baseActivity=ComponentInfo{com.rsr41.oracle/com.rsr41.oracle.MainActivity} topActivity=ComponentInfo{com.rsr41.oracle/com.rsr41.oracle.MainActivity} origActivity=null realActivity=ComponentInfo{com.rsr41.oracle/com.rsr41.oracle.MainActivity} numActivities=1 lastActiveTime=4518976 supportsMultiWindow=true resizeMode=1 isResizeable=true minWidth=-1 minHeight=-1 defaultMinSize=220 token=WCT{RemoteToken{8481869 Task{9e62743 #40 type=standard A=10205:com.rsr41.oracle}}} topActivityType=1 pictureInPictureParams=null shouldDockBigOverlays=false launchIntoPipHostTaskId=-1 lastParentTaskIdBeforePip=-1 displayCutoutSafeInsets=Rect(0, 136 - 0, 0) topActivityInfo=ActivityInfo{85892ee com.rsr41.oracle.MainActivity} launchCookies=[] positionInParent=Point(0, 0) parentTaskId=-1 isFocused=false isVisible=false isVisibleRequested=false isSleeping=false locusId=null displayAreaFeatureId=1 isTopActivityTransparent=false appCompatTaskInfo=AppCompatTaskInfo { topActivityInSizeCompat=false topActivityEligibleForLetterboxEducation= falseisLetterboxEducationEnabled= true isLetterboxDoubleTapEnabled= false topActivityEligibleForUserAspectRatioButton= false topActivityBoundsLetterboxed= false isFromLetterboxDoubleTap= false topActivityLetterboxVerticalPosition= -1 topActivityLetterboxHorizontalPosition= -1 topActivityLetterboxWidth=1080 topActivityLetterboxHeight=2400 isUserFullscreenOverrideEnabled=false isSystemFullscreenOverrideEnabled=false cameraCompatTaskInfo=CameraCompatTaskInfo { cameraCompatControlState=hidden freeformCameraCompatMode=inactive}}}, pipTask = null, remoteTransition = null, displayChange = null, flags = 0, debugId = 68 }
01-05 14:45:44.745   836   937 V WindowManagerShell: onTransitionReady (#68) android.os.BinderProxy@793a7b: {id=68 t=OPEN f=0x0 trk=0 r=[0@Point(0, 0)] c=[{WCT{android.window.IWindowContainerToken$Stub$Proxy@764a074} m=OPEN f=NONE leash=Surface(name=Task=40)/@0xcbf1861 sb=Rect(0, 0 - 1080, 2400) eb=Rect(0, 0 - 1080, 2400) d=0 taskParent=-1},{WCT{android.window.IWindowContainerToken$Stub$Proxy@c73d99d} m=TO_BACK f=SHOW_WALLPAPER leash=Surface(name=Task=1)/@0x2d11f86 sb=Rect(0, 0 - 1080, 2400) eb=Rect(0, 0 - 1080, 2400) d=0 taskParent=-1}]}
01-05 14:45:44.745   583   608 V WindowManager:     startWCT=WindowContainerTransaction { changes = {} hops = [] errorCallbackToken=null taskFragmentOrganizer=null }
01-05 14:45:44.746   583   608 V WindowManager:     info={id=68 t=OPEN f=0x0 trk=0 r=[0@Point(0, 0)] c=[
01-05 14:45:44.746   583   608 V WindowManager:         {WCT{RemoteToken{8481869 Task{9e62743 #40 type=standard A=10205:com.rsr41.oracle}}} m=OPEN f=NONE leash=Surface(name=Task=40)/@0xfcf6733 sb=Rect(0, 0 - 1080, 2400) eb=Rect(0, 0 - 1080, 2400) d=0 taskParent=-1},
01-05 14:45:44.746   583   608 V WindowManager:         {WCT{RemoteToken{2f5bbd9 Task{ba57e01 #1 type=home}}} m=TO_BACK f=SHOW_WALLPAPER leash=Surface(name=Task=1)/@0x9c107c6 sb=Rect(0, 0 - 1080, 2400) eb=Rect(0, 0 - 1080, 2400) d=0 taskParent=-1}
01-05 14:45:44.746   583   608 V WindowManager:     ]}
01-05 14:45:44.752   836   937 V WindowManagerShell: Playing animation for (#68) android.os.BinderProxy@793a7b@0
01-05 14:45:44.752   836   937 V WindowManagerShell:  try handler com.android.wm.shell.transition.DefaultMixedHandler@cccf8c2
01-05 14:45:44.752   836   937 V WindowManagerShell:  try handler com.android.wm.shell.keyguard.KeyguardTransitionHandler@f1d36d3
01-05 14:45:44.752   836   937 V WindowManagerShell:  try handler com.android.wm.shell.pip.PipTransition@56d210
01-05 14:45:44.752   836   937 V WindowManagerShell:  try handler com.android.wm.shell.activityembedding.ActivityEmbeddingController@1588109
01-05 14:45:44.752   836   937 V WindowManagerShell:  try handler com.android.wm.shell.recents.RecentsTransitionHandler@ff5df0e
01-05 14:45:44.752   836   937 V ShellRecents: RecentsTransitionHandler.startAnimation: no controller found
01-05 14:45:44.752   836   937 V WindowManagerShell:  try handler com.android.wm.shell.splitscreen.StageCoordinator@87a6d2f
01-05 14:45:44.752   836   937 V WindowManagerShell:  try handler com.android.wm.shell.transition.RemoteTransitionHandler@abeff3c
01-05 14:45:44.752   836   937 V WindowManagerShell: Transition doesn't have explicit remote, search filters for match for {id=68 t=OPEN f=0x0 trk=0 r=[0@Point(0, 0)] c=[{WCT{android.window.IWindowContainerToken$Stub$Proxy@764a074} m=OPEN f=NONE leash=Surface(name=Task=40)/@0xcbf1861 sb=Rect(0, 0 - 1080, 2400) eb=Rect(0, 0 - 1080, 2400) d=0 taskParent=-1},{WCT{android.window.IWindowContainerToken$Stub$Proxy@c73d99d} m=TO_BACK f=SHOW_WALLPAPER leash=Surface(name=Task=1)/@0x2d11f86 sb=Rect(0, 0 - 1080, 2400) eb=Rect(0, 0 - 1080, 2400) d=0 taskParent=-1}]}
01-05 14:45:44.752   836   937 V WindowManagerShell:  Checking filter Pair{{types=[] flags=0x0] notFlags=0x0 checks=[{atype=undefined independent=true modes=[OPEN,TO_FRONT] flags=IN_TASK_WITH_EMBEDDED_ACTIVITY mustBeTask=false order=ANY topActivity=ComponentInfo{com.google.android.apps.nexuslauncher/com.google.android.apps.nexuslauncher.NexusLauncherActivity} launchCookie=null},{atype=undefined independent=true modes=[CLOSE,TO_BACK] flags=IN_TASK_WITH_EMBEDDED_ACTIVITY mustBeTask=false order=ANY topActivity=null launchCookie=null}]} RemoteTransition { remoteTransition = android.window.IRemoteTransition$Stub$Proxy@1299a10, appThread = android.app.IApplicationThread$Stub$Proxy@407a909, debugName = OverlaySwipeBack }}
01-05 14:45:44.752   836   937 V WindowManagerShell:  Checking filter Pair{{types=[] flags=0x0] notFlags=0x0 checks=[{atype=dream independent=true modes=[OPEN,TO_FRONT] flags=NONE mustBeTask=false order=ANY topActivity=null launchCookie=null},{atype=home independent=true modes=[CLOSE,TO_BACK] flags=NONE mustBeTask=false order=ANY topActivity=null launchCookie=null}]} RemoteTransition { remoteTransition = android.window.IRemoteTransition$Stub$Proxy@2b9e70e, appThread = android.app.IApplicationThread$Stub$Proxy@61d52f, debugName = LauncherToDream }}
01-05 14:45:44.752   836   937 V WindowManagerShell:  Checking filter Pair{{types=[] flags=0x0] notFlags=0x100 checks=[{atype=home independent=true modes=[OPEN,TO_FRONT] flags=NONE mustBeTask=false order=TOP topActivity=ComponentInfo{com.google.android.apps.nexuslauncher/com.google.android.apps.nexuslauncher.NexusLauncherActivity} launchCookie=null},{atype=standard independent=true modes=[CLOSE,TO_BACK] flags=NONE mustBeTask=false order=ANY topActivity=null launchCookie=null}]} RemoteTransition { remoteTransition = android.window.IRemoteTransition$Stub$Proxy@9f6473c, appThread = android.app.IApplicationThread$Stub$Proxy@bf8ccc5, debugName = QuickstepLaunchHome }}
01-05 14:45:44.752   836   937 V WindowManagerShell:  Delegate animation for (#68) to null
01-05 14:45:44.752   836   937 V WindowManagerShell:  try handler com.android.wm.shell.transition.DefaultTransitionHandler@c94d327
01-05 14:45:44.752   836   937 V WindowManagerShell: start default transition animation, info = {id=68 t=OPEN f=0x0 trk=0 r=[0@Point(0, 0)] c=[{WCT{android.window.IWindowContainerToken$Stub$Proxy@764a074} m=OPEN f=NONE leash=Surface(name=Task=40)/@0xcbf1861 sb=Rect(0, 0 - 1080, 2400) eb=Rect(0, 0 - 1080, 2400) d=0 taskParent=-1},{WCT{android.window.IWindowContainerToken$Stub$Proxy@c73d99d} m=TO_BACK f=SHOW_WALLPAPER leash=Surface(name=Task=1)/@0x2d11f86 sb=Rect(0, 0 - 1080, 2400) eb=Rect(0, 0 - 1080, 2400) d=0 taskParent=-1}]}
01-05 14:45:44.753   836   937 V WindowManagerShell: loadAnimation: anim=android.view.animation.AnimationSet@fa2c9e3 animAttr=0x13 type=OPEN isEntrance=false
01-05 14:45:44.753   836   937 V WindowManagerShell: loadAnimation: anim=android.view.animation.AnimationSet@7ae213f animAttr=0x12 type=OPEN isEntrance=true
01-05 14:45:44.754 10020 10020 I om.rsr41.oracle: Using CollectorTypeCMC GC.
01-05 14:45:44.754 10020 10020 W om.rsr41.oracle: Unexpected CPU variant for x86: x86_64.
01-05 14:45:44.754 10020 10020 W om.rsr41.oracle: Known variants: atom, sandybridge, silvermont, goldmont, goldmont-plus, goldmont-without-sha-xsaves, tremont, kabylake, default
01-05 14:45:44.757   836   937 V WindowManagerShell:  animated by com.android.wm.shell.transition.DefaultTransitionHandler@c94d327
01-05 14:45:44.763   583  1588 W UserManagerService: Requested status bar icon for non-badged user 0
01-05 14:45:44.763   463   478 I adbd    : jdwp connection from 10020
01-05 14:45:44.766 10020 10020 D nativeloader: Load libframework-connectivity-tiramisu-jni.so using APEX ns com_android_tethering for caller /apex/com.android.tethering/javalib/framework-connectivity-t.jar: ok
01-05 14:45:44.783  2570  2612 D EGL_emulation: app_time_stats: avg=44769.65ms min=44769.65ms max=44769.65ms count=1
01-05 14:45:44.783   836  1036 D EGL_emulation: app_time_stats: avg=44765.72ms min=44765.72ms max=44765.72ms count=1
01-05 14:45:44.794   453   453 E SurfaceFlinger: Out of order buffers detected for RequestedLayerState{com.google.android.apps.nexuslauncher/com.google.android.apps.nexuslauncher.NexusLauncherActivity#428 parentId=116} producedId=25 frameNumber=55 -> producedId=25 frameNumber=28
01-05 14:45:44.822   453   453 E SurfaceFlinger: Out of order buffers detected for RequestedLayerState{com.google.android.apps.nexuslauncher/com.google.android.apps.nexuslauncher.NexusLauncherActivity#428 parentId=116} producedId=25 frameNumber=55 -> producedId=25 frameNumber=29
01-05 14:45:44.839 10020 10020 W ziparchive: Unable to open '/data/app/~~thiVIGnZVuxNoSbad4SJAQ==/com.rsr41.oracle-4hSAO4S6-PBXzv_gVS_j4g==/base.dm': No such file or directory
01-05 14:45:44.840 10020 10020 W ziparchive: Unable to open '/data/app/~~thiVIGnZVuxNoSbad4SJAQ==/com.rsr41.oracle-4hSAO4S6-PBXzv_gVS_j4g==/base.dm': No such file or directory
01-05 14:45:44.862  2570  2612 D EGL_emulation: app_time_stats: avg=7998.70ms min=4.18ms max=111429.08ms count=14
01-05 14:45:44.884   453   453 E SurfaceFlinger: Out of order buffers detected for RequestedLayerState{com.google.android.apps.nexuslauncher/com.google.android.apps.nexuslauncher.NexusLauncherActivity#428 parentId=116} producedId=25 frameNumber=55 -> producedId=25 frameNumber=30
01-05 14:45:44.911   453   453 E SurfaceFlinger: Out of order buffers detected for RequestedLayerState{com.google.android.apps.nexuslauncher/com.google.android.apps.nexuslauncher.NexusLauncherActivity#428 parentId=116} producedId=25 frameNumber=55 -> producedId=25 frameNumber=31
01-05 14:45:45.045   836   937 V WindowManagerShell: Transition animation finished (aborted=false), notifying core (#68) android.os.BinderProxy@793a7b@0
01-05 14:45:45.047   583   608 V WindowManager: Finish Transition (#68): created at 01-05 14:45:44.675 collect-started=0.034ms request-sent=4.753ms started=5.923ms ready=67.071ms sent=68.356ms finished=370.817ms
01-05 14:45:45.047   836   937 V WindowManagerShell: Track 0 became idle
01-05 14:45:45.048   836   937 V WindowManagerShell: All active transition animations finished
01-05 14:45:45.049   583  1650 W UserManagerService: Requested status bar icon for non-badged user 0
01-05 14:45:45.053   583  1650 W UserManagerService: Requested status bar icon for non-badged user 0
01-05 14:45:45.085  2570  2570 D VRI[NexusLauncherActivity]: visibilityChanged oldVisibility=true newVisibility=false
01-05 14:45:45.085  2570  2570 D NexusLauncherModelDelegate: notifySmartspaceEvent: SmartspaceTargetEvent{mSmartspaceTarget=null, mSmartspaceActionId='null', mEventType=7}
01-05 14:45:45.367 10020 10020 D nativeloader: Configuring clns-7 for other apk /data/app/~~thiVIGnZVuxNoSbad4SJAQ==/com.rsr41.oracle-4hSAO4S6-PBXzv_gVS_j4g==/base.apk. target_sdk_version=36, uses_libraries=, library_path=/data/app/~~thiVIGnZVuxNoSbad4SJAQ==/com.rsr41.oracle-4hSAO4S6-PBXzv_gVS_j4g==/lib/x86_64:/data/app/~~thiVIGnZVuxNoSbad4SJAQ==/com.rsr41.oracle-4hSAO4S6-PBXzv_gVS_j4g==/base.apk!/lib/x86_64, permitted_path=/data:/mnt/expand:/data/user/0/com.rsr41.oracle
01-05 14:45:45.382 10020 10020 V GraphicsEnvironment: Currently set values for:
01-05 14:45:45.382 10020 10020 V GraphicsEnvironment:   angle_gl_driver_selection_pkgs=[]
01-05 14:45:45.382 10020 10020 V GraphicsEnvironment:   angle_gl_driver_selection_values=[]
01-05 14:45:45.382 10020 10020 V GraphicsEnvironment: Global.Settings values are invalid: number of packages: 0, number of values: 0
01-05 14:45:45.382 10020 10020 V GraphicsEnvironment: Neither updatable production driver nor prerelease driver is supported.
01-05 14:45:45.399 10020 10020 D WM-WrkMgrInitializer: Initializing WorkManager with default configuration.
01-05 14:45:45.471 10020 10020 D WM-PackageManagerHelper: Skipping component enablement for androidx.work.impl.background.systemjob.SystemJobService
01-05 14:45:45.472 10020 10020 D WM-Schedulers: Created SystemJobScheduler and enabled SystemJobService
01-05 14:45:45.600 10020 10020 D HistoryCleanupWorker$Companion: HistoryCleanupWorker scheduled with 14 days retention
01-05 14:45:45.601 10020 10020 D OracleApplication: OracleApplication initialized
01-05 14:45:45.603   583  1650 W OptProp : Cannot read opt property android.window.PROPERTY_COMPAT_ENABLE_FAKE_FOCUS
01-05 14:45:45.689 10020 10020 D MainActivity: MainActivity created, deepLinkToken: null
01-05 14:45:45.707 10020 10038 E WM-WorkerFactory: Could not instantiate com.rsr41.oracle.core.worker.HistoryCleanupWorker
01-05 14:45:45.707 10020 10038 E WM-WorkerFactory: java.lang.NoSuchMethodException: com.rsr41.oracle.core.worker.HistoryCleanupWorker.<init> [class android.content.Context, class androidx.work.WorkerParameters]
01-05 14:45:45.707 10020 10038 E WM-WorkerFactory: 	at java.lang.Class.getConstructor0(Class.java:3395)
01-05 14:45:45.707 10020 10038 E WM-WorkerFactory: 	at java.lang.Class.getDeclaredConstructor(Class.java:3077)
01-05 14:45:45.707 10020 10038 E WM-WorkerFactory: 	at androidx.work.WorkerFactory.createWorkerWithDefaultFallback(WorkerFactory.java:94)
01-05 14:45:45.707 10020 10038 E WM-WorkerFactory: 	at androidx.work.impl.WorkerWrapper.runWorker(WorkerWrapper.java:243)
01-05 14:45:45.707 10020 10038 E WM-WorkerFactory: 	at androidx.work.impl.WorkerWrapper.run(WorkerWrapper.java:144)
01-05 14:45:45.707 10020 10038 E WM-WorkerFactory: 	at androidx.work.impl.utils.SerialExecutorImpl$Task.run(SerialExecutorImpl.java:96)
01-05 14:45:45.707 10020 10038 E WM-WorkerFactory: 	at java.util.concurrent.ThreadPoolExecutor.runWorker(ThreadPoolExecutor.java:1145)
01-05 14:45:45.707 10020 10038 E WM-WorkerFactory: 	at java.util.concurrent.ThreadPoolExecutor$Worker.run(ThreadPoolExecutor.java:644)
01-05 14:45:45.707 10020 10038 E WM-WorkerFactory: 	at java.lang.Thread.run(Thread.java:1012)
01-05 14:45:45.707 10020 10038 E WM-WorkerWrapper: Could not create Worker com.rsr41.oracle.core.worker.HistoryCleanupWorker
01-05 14:45:45.730 10020 10020 W HWUI    : Unknown dataspace 0
01-05 14:45:45.911  2257  2304 I artd    : Dex parent of /data/app/~~phhvIpSKTlmYFxCl0iouUg==/com.google.android.gms-bL4peanl2EON-dCJj6suBQ==/base.apk is not writable: Permission denied
01-05 14:45:45.911  2257  2304 I artd    : GetBestInfo checking odex in dalvik-cache (/data/dalvik-cache/x86_64/data@app@~~phhvIpSKTlmYFxCl0iouUg==@com.google.android.gms-bL4peanl2EON-dCJj6suBQ==@base.apk@classes.dex)
01-05 14:45:45.911  2257  2304 I artd    : Loading /data/dalvik-cache/x86_64/data@app@~~phhvIpSKTlmYFxCl0iouUg==@com.google.android.gms-bL4peanl2EON-dCJj6suBQ==@base.apk@classes.dex with executable: 0
01-05 14:45:45.911  2257  2304 I artd    : OatFileAssistant test for existing oat file /data/dalvik-cache/x86_64/data@app@~~phhvIpSKTlmYFxCl0iouUg==@com.google.android.gms-bL4peanl2EON-dCJj6suBQ==@base.apk@classes.dex: File /data/dalvik-cache/x86_64/data@app@~~phhvIpSKTlmYFxCl0iouUg==@com.google.android.gms-bL4peanl2EON-dCJj6suBQ==@base.apk@classes.vdex does not exist.
01-05 14:45:45.911  2257  2304 I artd    : GetBestInfo checking odex next to the dex file (/data/app/~~phhvIpSKTlmYFxCl0iouUg==/com.google.android.gms-bL4peanl2EON-dCJj6suBQ==/oat/x86_64/base.odex)
01-05 14:45:45.911  2257  2304 I artd    : Loading /data/app/~~phhvIpSKTlmYFxCl0iouUg==/com.google.android.gms-bL4peanl2EON-dCJj6suBQ==/oat/x86_64/base.odex with executable: 0
01-05 14:45:45.912  2257  2304 I artd    : Successfully loaded /data/app/~~phhvIpSKTlmYFxCl0iouUg==/com.google.android.gms-bL4peanl2EON-dCJj6suBQ==/oat/x86_64/base.odex with executable: 0
01-05 14:45:45.912  2257  2304 I artd    : /data/app/~~phhvIpSKTlmYFxCl0iouUg==/com.google.android.gms-bL4peanl2EON-dCJj6suBQ==/oat/x86_64/base.odex is kOatUpToDate with filter speed-profile
01-05 14:45:45.917  2257  2304 I artd    : Dex parent of /data/app/~~phhvIpSKTlmYFxCl0iouUg==/com.google.android.gms-bL4peanl2EON-dCJj6suBQ==/split_AdsDynamite_installtime.apk is not writable: Permission denied
01-05 14:45:45.917  2257  2304 I artd    : GetBestInfo checking odex in dalvik-cache (/data/dalvik-cache/x86_64/data@app@~~phhvIpSKTlmYFxCl0iouUg==@com.google.android.gms-bL4peanl2EON-dCJj6suBQ==@split_AdsDynamite_installtime.apk@classes.dex)
01-05 14:45:45.917  2257  2304 I artd    : Loading /data/dalvik-cache/x86_64/data@app@~~phhvIpSKTlmYFxCl0iouUg==@com.google.android.gms-bL4peanl2EON-dCJj6suBQ==@split_AdsDynamite_installtime.apk@classes.dex with executable: 0
01-05 14:45:45.917  2257  2304 I artd    : OatFileAssistant test for existing oat file /data/dalvik-cache/x86_64/data@app@~~phhvIpSKTlmYFxCl0iouUg==@com.google.android.gms-bL4peanl2EON-dCJj6suBQ==@split_AdsDynamite_installtime.apk@classes.dex: File /data/dalvik-cache/x86_64/data@app@~~phhvIpSKTlmYFxCl0iouUg==@com.google.android.gms-bL4peanl2EON-dCJj6suBQ==@split_AdsDynamite_installtime.apk@classes.vdex does not exist.
01-05 14:45:45.917  2257  2304 I artd    : GetBestInfo checking odex next to the dex file (/data/app/~~phhvIpSKTlmYFxCl0iouUg==/com.google.android.gms-bL4peanl2EON-dCJj6suBQ==/oat/x86_64/split_AdsDynamite_installtime.odex)
01-05 14:45:45.917  2257  2304 I artd    : Loading /data/app/~~phhvIpSKTlmYFxCl0iouUg==/com.google.android.gms-bL4peanl2EON-dCJj6suBQ==/oat/x86_64/split_AdsDynamite_installtime.odex with executable: 0
01-05 14:45:45.917  2257  2304 I artd    : Successfully loaded /data/app/~~phhvIpSKTlmYFxCl0iouUg==/com.google.android.gms-bL4peanl2EON-dCJj6suBQ==/oat/x86_64/split_AdsDynamite_installtime.odex with executable: 0
01-05 14:45:45.917  2257  2304 I artd    : /data/app/~~phhvIpSKTlmYFxCl0iouUg==/com.google.android.gms-bL4peanl2EON-dCJj6suBQ==/oat/x86_64/split_AdsDynamite_installtime.odex is kOatUpToDate with filter speed
01-05 14:45:45.918  2257  2304 I artd    : Dex parent of /data/app/~~phhvIpSKTlmYFxCl0iouUg==/com.google.android.gms-bL4peanl2EON-dCJj6suBQ==/split_CronetDynamite_installtime.apk is not writable: Permission denied
01-05 14:45:45.918  2257  2304 I artd    : GetBestInfo checking odex in dalvik-cache (/data/dalvik-cache/x86_64/data@app@~~phhvIpSKTlmYFxCl0iouUg==@com.google.android.gms-bL4peanl2EON-dCJj6suBQ==@split_CronetDynamite_installtime.apk@classes.dex)
01-05 14:45:45.918  2257  2304 I artd    : Loading /data/dalvik-cache/x86_64/data@app@~~phhvIpSKTlmYFxCl0iouUg==@com.google.android.gms-bL4peanl2EON-dCJj6suBQ==@split_CronetDynamite_installtime.apk@classes.dex with executable: 0
01-05 14:45:45.918  2257  2304 I artd    : OatFileAssistant test for existing oat file /data/dalvik-cache/x86_64/data@app@~~phhvIpSKTlmYFxCl0iouUg==@com.google.android.gms-bL4peanl2EON-dCJj6suBQ==@split_CronetDynamite_installtime.apk@classes.dex: File /data/dalvik-cache/x86_64/data@app@~~phhvIpSKTlmYFxCl0iouUg==@com.google.android.gms-bL4peanl2EON-dCJj6suBQ==@split_CronetDynamite_installtime.apk@classes.vdex does not exist.
01-05 14:45:45.918  2257  2304 I artd    : GetBestInfo checking odex next to the dex file (/data/app/~~phhvIpSKTlmYFxCl0iouUg==/com.google.android.gms-bL4peanl2EON-dCJj6suBQ==/oat/x86_64/split_CronetDynamite_installtime.odex)
01-05 14:45:45.918  2257  2304 I artd    : Loading /data/app/~~phhvIpSKTlmYFxCl0iouUg==/com.google.android.gms-bL4peanl2EON-dCJj6suBQ==/oat/x86_64/split_CronetDynamite_installtime.odex with executable: 0
01-05 14:45:45.919  2257  2304 I artd    : Successfully loaded /data/app/~~phhvIpSKTlmYFxCl0iouUg==/com.google.android.gms-bL4peanl2EON-dCJj6suBQ==/oat/x86_64/split_CronetDynamite_installtime.odex with executable: 0
01-05 14:45:45.919  2257  2304 I artd    : /data/app/~~phhvIpSKTlmYFxCl0iouUg==/com.google.android.gms-bL4peanl2EON-dCJj6suBQ==/oat/x86_64/split_CronetDynamite_installtime.odex is kOatUpToDate with filter speed
01-05 14:45:45.920  2257  2304 I artd    : Dex parent of /data/app/~~phhvIpSKTlmYFxCl0iouUg==/com.google.android.gms-bL4peanl2EON-dCJj6suBQ==/split_DynamiteLoader_installtime.apk is not writable: Permission denied
01-05 14:45:45.920  2257  2304 I artd    : GetBestInfo checking odex in dalvik-cache (/data/dalvik-cache/x86_64/data@app@~~phhvIpSKTlmYFxCl0iouUg==@com.google.android.gms-bL4peanl2EON-dCJj6suBQ==@split_DynamiteLoader_installtime.apk@classes.dex)
01-05 14:45:45.920  2257  2304 I artd    : Loading /data/dalvik-cache/x86_64/data@app@~~phhvIpSKTlmYFxCl0iouUg==@com.google.android.gms-bL4peanl2EON-dCJj6suBQ==@split_DynamiteLoader_installtime.apk@classes.dex with executable: 0
01-05 14:45:45.920  2257  2304 I artd    : OatFileAssistant test for existing oat file /data/dalvik-cache/x86_64/data@app@~~phhvIpSKTlmYFxCl0iouUg==@com.google.android.gms-bL4peanl2EON-dCJj6suBQ==@split_DynamiteLoader_installtime.apk@classes.dex: File /data/dalvik-cache/x86_64/data@app@~~phhvIpSKTlmYFxCl0iouUg==@com.google.android.gms-bL4peanl2EON-dCJj6suBQ==@split_DynamiteLoader_installtime.apk@classes.vdex does not exist.
01-05 14:45:45.920  2257  2304 I artd    : GetBestInfo checking odex next to the dex file (/data/app/~~phhvIpSKTlmYFxCl0iouUg==/com.google.android.gms-bL4peanl2EON-dCJj6suBQ==/oat/x86_64/split_DynamiteLoader_installtime.odex)
01-05 14:45:45.920  2257  2304 I artd    : Loading /data/app/~~phhvIpSKTlmYFxCl0iouUg==/com.google.android.gms-bL4peanl2EON-dCJj6suBQ==/oat/x86_64/split_DynamiteLoader_installtime.odex with executable: 0
01-05 14:45:45.921  2257  2304 I artd    : Successfully loaded /data/app/~~phhvIpSKTlmYFxCl0iouUg==/com.google.android.gms-bL4peanl2EON-dCJj6suBQ==/oat/x86_64/split_DynamiteLoader_installtime.odex with executable: 0
01-05 14:45:45.921  2257  2304 I artd    : /data/app/~~phhvIpSKTlmYFxCl0iouUg==/com.google.android.gms-bL4peanl2EON-dCJj6suBQ==/oat/x86_64/split_DynamiteLoader_installtime.odex is kOatUpToDate with filter speed
01-05 14:45:45.922  2257  2304 I artd    : Dex parent of /data/app/~~phhvIpSKTlmYFxCl0iouUg==/com.google.android.gms-bL4peanl2EON-dCJj6suBQ==/split_DynamiteModulesA_installtime.apk is not writable: Permission denied
01-05 14:45:45.922  2257  2304 I artd    : GetBestInfo checking odex in dalvik-cache (/data/dalvik-cache/x86_64/data@app@~~phhvIpSKTlmYFxCl0iouUg==@com.google.android.gms-bL4peanl2EON-dCJj6suBQ==@split_DynamiteModulesA_installtime.apk@classes.dex)
01-05 14:45:45.922  2257  2304 I artd    : Loading /data/dalvik-cache/x86_64/data@app@~~phhvIpSKTlmYFxCl0iouUg==@com.google.android.gms-bL4peanl2EON-dCJj6suBQ==@split_DynamiteModulesA_installtime.apk@classes.dex with executable: 0
01-05 14:45:45.922  2257  2304 I artd    : OatFileAssistant test for existing oat file /data/dalvik-cache/x86_64/data@app@~~phhvIpSKTlmYFxCl0iouUg==@com.google.android.gms-bL4peanl2EON-dCJj6suBQ==@split_DynamiteModulesA_installtime.apk@classes.dex: File /data/dalvik-cache/x86_64/data@app@~~phhvIpSKTlmYFxCl0iouUg==@com.google.android.gms-bL4peanl2EON-dCJj6suBQ==@split_DynamiteModulesA_installtime.apk@classes.vdex does not exist.
01-05 14:45:45.922  2257  2304 I artd    : GetBestInfo checking odex next to the dex file (/data/app/~~phhvIpSKTlmYFxCl0iouUg==/com.google.android.gms-bL4peanl2EON-dCJj6suBQ==/oat/x86_64/split_DynamiteModulesA_installtime.odex)
01-05 14:45:45.922  2257  2304 I artd    : Loading /data/app/~~phhvIpSKTlmYFxCl0iouUg==/com.google.android.gms-bL4peanl2EON-dCJj6suBQ==/oat/x86_64/split_DynamiteModulesA_installtime.odex with executable: 0
01-05 14:45:45.922  2257  2304 I artd    : Successfully loaded /data/app/~~phhvIpSKTlmYFxCl0iouUg==/com.google.android.gms-bL4peanl2EON-dCJj6suBQ==/oat/x86_64/split_DynamiteModulesA_installtime.odex with executable: 0
01-05 14:45:45.922  2257  2304 I artd    : /data/app/~~phhvIpSKTlmYFxCl0iouUg==/com.google.android.gms-bL4peanl2EON-dCJj6suBQ==/oat/x86_64/split_DynamiteModulesA_installtime.odex is kOatUpToDate with filter speed
01-05 14:45:45.923  2257  2304 I artd    : Dex parent of /data/app/~~phhvIpSKTlmYFxCl0iouUg==/com.google.android.gms-bL4peanl2EON-dCJj6suBQ==/split_DynamiteModulesC_installtime.apk is not writable: Permission denied
01-05 14:45:45.923  2257  2304 I artd    : GetBestInfo checking odex in dalvik-cache (/data/dalvik-cache/x86_64/data@app@~~phhvIpSKTlmYFxCl0iouUg==@com.google.android.gms-bL4peanl2EON-dCJj6suBQ==@split_DynamiteModulesC_installtime.apk@classes.dex)
01-05 14:45:45.923  2257  2304 I artd    : Loading /data/dalvik-cache/x86_64/data@app@~~phhvIpSKTlmYFxCl0iouUg==@com.google.android.gms-bL4peanl2EON-dCJj6suBQ==@split_DynamiteModulesC_installtime.apk@classes.dex with executable: 0
01-05 14:45:45.923  2257  2304 I artd    : OatFileAssistant test for existing oat file /data/dalvik-cache/x86_64/data@app@~~phhvIpSKTlmYFxCl0iouUg==@com.google.android.gms-bL4peanl2EON-dCJj6suBQ==@split_DynamiteModulesC_installtime.apk@classes.dex: File /data/dalvik-cache/x86_64/data@app@~~phhvIpSKTlmYFxCl0iouUg==@com.google.android.gms-bL4peanl2EON-dCJj6suBQ==@split_DynamiteModulesC_installtime.apk@classes.vdex does not exist.
01-05 14:45:45.923  2257  2304 I artd    : GetBestInfo checking odex next to the dex file (/data/app/~~phhvIpSKTlmYFxCl0iouUg==/com.google.android.gms-bL4peanl2EON-dCJj6suBQ==/oat/x86_64/split_DynamiteModulesC_installtime.odex)
01-05 14:45:45.923  2257  2304 I artd    : Loading /data/app/~~phhvIpSKTlmYFxCl0iouUg==/com.google.android.gms-bL4peanl2EON-dCJj6suBQ==/oat/x86_64/split_DynamiteModulesC_installtime.odex with executable: 0
01-05 14:45:45.923  2257  2304 I artd    : Successfully loaded /data/app/~~phhvIpSKTlmYFxCl0iouUg==/com.google.android.gms-bL4peanl2EON-dCJj6suBQ==/oat/x86_64/split_DynamiteModulesC_installtime.odex with executable: 0
01-05 14:45:45.923  2257  2304 I artd    : /data/app/~~phhvIpSKTlmYFxCl0iouUg==/com.google.android.gms-bL4peanl2EON-dCJj6suBQ==/oat/x86_64/split_DynamiteModulesC_installtime.odex is kOatUpToDate with filter speed
01-05 14:45:45.924  2257  2304 I artd    : Dex parent of /data/app/~~phhvIpSKTlmYFxCl0iouUg==/com.google.android.gms-bL4peanl2EON-dCJj6suBQ==/split_GoogleCertificates_installtime.apk is not writable: Permission denied
01-05 14:45:45.924  2257  2304 I artd    : GetBestInfo checking odex in dalvik-cache (/data/dalvik-cache/x86_64/data@app@~~phhvIpSKTlmYFxCl0iouUg==@com.google.android.gms-bL4peanl2EON-dCJj6suBQ==@split_GoogleCertificates_installtime.apk@classes.dex)
01-05 14:45:45.924  2257  2304 I artd    : Loading /data/dalvik-cache/x86_64/data@app@~~phhvIpSKTlmYFxCl0iouUg==@com.google.android.gms-bL4peanl2EON-dCJj6suBQ==@split_GoogleCertificates_installtime.apk@classes.dex with executable: 0
01-05 14:45:45.925  2257  2304 I artd    : OatFileAssistant test for existing oat file /data/dalvik-cache/x86_64/data@app@~~phhvIpSKTlmYFxCl0iouUg==@com.google.android.gms-bL4peanl2EON-dCJj6suBQ==@split_GoogleCertificates_installtime.apk@classes.dex: File /data/dalvik-cache/x86_64/data@app@~~phhvIpSKTlmYFxCl0iouUg==@com.google.android.gms-bL4peanl2EON-dCJj6suBQ==@split_GoogleCertificates_installtime.apk@classes.vdex does not exist.
01-05 14:45:45.925  2257  2304 I artd    : GetBestInfo checking odex next to the dex file (/data/app/~~phhvIpSKTlmYFxCl0iouUg==/com.google.android.gms-bL4peanl2EON-dCJj6suBQ==/oat/x86_64/split_GoogleCertificates_installtime.odex)
01-05 14:45:45.925  2257  2304 I artd    : Loading /data/app/~~phhvIpSKTlmYFxCl0iouUg==/com.google.android.gms-bL4peanl2EON-dCJj6suBQ==/oat/x86_64/split_GoogleCertificates_installtime.odex with executable: 0
01-05 14:45:45.925  2257  2304 I artd    : Successfully loaded /data/app/~~phhvIpSKTlmYFxCl0iouUg==/com.google.android.gms-bL4peanl2EON-dCJj6suBQ==/oat/x86_64/split_GoogleCertificates_installtime.odex with executable: 0
01-05 14:45:45.925  2257  2304 I artd    : /data/app/~~phhvIpSKTlmYFxCl0iouUg==/com.google.android.gms-bL4peanl2EON-dCJj6suBQ==/oat/x86_64/split_GoogleCertificates_installtime.odex is kOatUpToDate with filter speed
01-05 14:45:45.926  2257  2304 I artd    : Dex parent of /data/app/~~phhvIpSKTlmYFxCl0iouUg==/com.google.android.gms-bL4peanl2EON-dCJj6suBQ==/split_MapsDynamite_installtime.apk is not writable: Permission denied
01-05 14:45:45.926  2257  2304 I artd    : GetBestInfo checking odex in dalvik-cache (/data/dalvik-cache/x86_64/data@app@~~phhvIpSKTlmYFxCl0iouUg==@com.google.android.gms-bL4peanl2EON-dCJj6suBQ==@split_MapsDynamite_installtime.apk@classes.dex)
01-05 14:45:45.926  2257  2304 I artd    : Loading /data/dalvik-cache/x86_64/data@app@~~phhvIpSKTlmYFxCl0iouUg==@com.google.android.gms-bL4peanl2EON-dCJj6suBQ==@split_MapsDynamite_installtime.apk@classes.dex with executable: 0
01-05 14:45:45.926  2257  2304 I artd    : OatFileAssistant test for existing oat file /data/dalvik-cache/x86_64/data@app@~~phhvIpSKTlmYFxCl0iouUg==@com.google.android.gms-bL4peanl2EON-dCJj6suBQ==@split_MapsDynamite_installtime.apk@classes.dex: File /data/dalvik-cache/x86_64/data@app@~~phhvIpSKTlmYFxCl0iouUg==@com.google.android.gms-bL4peanl2EON-dCJj6suBQ==@split_MapsDynamite_installtime.apk@classes.vdex does not exist.
01-05 14:45:45.926  2257  2304 I artd    : GetBestInfo checking odex next to the dex file (/data/app/~~phhvIpSKTlmYFxCl0iouUg==/com.google.android.gms-bL4peanl2EON-dCJj6suBQ==/oat/x86_64/split_MapsDynamite_installtime.odex)
01-05 14:45:45.926  2257  2304 I artd    : Loading /data/app/~~phhvIpSKTlmYFxCl0iouUg==/com.google.android.gms-bL4peanl2EON-dCJj6suBQ==/oat/x86_64/split_MapsDynamite_installtime.odex with executable: 0
01-05 14:45:45.926  2257  2304 I artd    : Successfully loaded /data/app/~~phhvIpSKTlmYFxCl0iouUg==/com.google.android.gms-bL4peanl2EON-dCJj6suBQ==/oat/x86_64/split_MapsDynamite_installtime.odex with executable: 0
01-05 14:45:45.926  2257  2304 I artd    : /data/app/~~phhvIpSKTlmYFxCl0iouUg==/com.google.android.gms-bL4peanl2EON-dCJj6suBQ==/oat/x86_64/split_MapsDynamite_installtime.odex is kOatUpToDate with filter speed
01-05 14:45:45.927  2257  2304 I artd    : Dex parent of /data/app/~~phhvIpSKTlmYFxCl0iouUg==/com.google.android.gms-bL4peanl2EON-dCJj6suBQ==/split_MeasurementDynamite_installtime.apk is not writable: Permission denied
01-05 14:45:45.927  2257  2304 I artd    : GetBestInfo checking odex in dalvik-cache (/data/dalvik-cache/x86_64/data@app@~~phhvIpSKTlmYFxCl0iouUg==@com.google.android.gms-bL4peanl2EON-dCJj6suBQ==@split_MeasurementDynamite_installtime.apk@classes.dex)
01-05 14:45:45.927  2257  2304 I artd    : Loading /data/dalvik-cache/x86_64/data@app@~~phhvIpSKTlmYFxCl0iouUg==@com.google.android.gms-bL4peanl2EON-dCJj6suBQ==@split_MeasurementDynamite_installtime.apk@classes.dex with executable: 0
01-05 14:45:45.927  2257  2304 I artd    : OatFileAssistant test for existing oat file /data/dalvik-cache/x86_64/data@app@~~phhvIpSKTlmYFxCl0iouUg==@com.google.android.gms-bL4peanl2EON-dCJj6suBQ==@split_MeasurementDynamite_installtime.apk@classes.dex: File /data/dalvik-cache/x86_64/data@app@~~phhvIpSKTlmYFxCl0iouUg==@com.google.android.gms-bL4peanl2EON-dCJj6suBQ==@split_MeasurementDynamite_installtime.apk@classes.vdex does not exist.
01-05 14:45:45.927  2257  2304 I artd    : GetBestInfo checking odex next to the dex file (/data/app/~~phhvIpSKTlmYFxCl0iouUg==/com.google.android.gms-bL4peanl2EON-dCJj6suBQ==/oat/x86_64/split_MeasurementDynamite_installtime.odex)
01-05 14:45:45.927  2257  2304 I artd    : Loading /data/app/~~phhvIpSKTlmYFxCl0iouUg==/com.google.android.gms-bL4peanl2EON-dCJj6suBQ==/oat/x86_64/split_MeasurementDynamite_installtime.odex with executable: 0
01-05 14:45:45.927  2257  2304 I artd    : Successfully loaded /data/app/~~phhvIpSKTlmYFxCl0iouUg==/com.google.android.gms-bL4peanl2EON-dCJj6suBQ==/oat/x86_64/split_MeasurementDynamite_installtime.odex with executable: 0
01-05 14:45:45.927  2257  2304 I artd    : /data/app/~~phhvIpSKTlmYFxCl0iouUg==/com.google.android.gms-bL4peanl2EON-dCJj6suBQ==/oat/x86_64/split_MeasurementDynamite_installtime.odex is kOatUpToDate with filter speed
01-05 14:45:45.928  2257  2304 I artd    : Dex parent of /data/app/~~phhvIpSKTlmYFxCl0iouUg==/com.google.android.gms-bL4peanl2EON-dCJj6suBQ==/split_all_locale_splits.apk is not writable: Permission denied
01-05 14:45:45.928  2257  2304 I artd    : GetBestInfo checking odex in dalvik-cache (/data/dalvik-cache/x86_64/data@app@~~phhvIpSKTlmYFxCl0iouUg==@com.google.android.gms-bL4peanl2EON-dCJj6suBQ==@split_all_locale_splits.apk@classes.dex)
01-05 14:45:45.928  2257  2304 I artd    : Loading /data/dalvik-cache/x86_64/data@app@~~phhvIpSKTlmYFxCl0iouUg==@com.google.android.gms-bL4peanl2EON-dCJj6suBQ==@split_all_locale_splits.apk@classes.dex with executable: 0
01-05 14:45:45.928  2257  2304 I artd    : OatFileAssistant test for existing oat file /data/dalvik-cache/x86_64/data@app@~~phhvIpSKTlmYFxCl0iouUg==@com.google.android.gms-bL4peanl2EON-dCJj6suBQ==@split_all_locale_splits.apk@classes.dex: File /data/dalvik-cache/x86_64/data@app@~~phhvIpSKTlmYFxCl0iouUg==@com.google.android.gms-bL4peanl2EON-dCJj6suBQ==@split_all_locale_splits.apk@classes.vdex does not exist.
01-05 14:45:45.928  2257  2304 I artd    : GetBestInfo checking odex next to the dex file (/data/app/~~phhvIpSKTlmYFxCl0iouUg==/com.google.android.gms-bL4peanl2EON-dCJj6suBQ==/oat/x86_64/split_all_locale_splits.odex)
01-05 14:45:45.928  2257  2304 I artd    : Loading /data/app/~~phhvIpSKTlmYFxCl0iouUg==/com.google.android.gms-bL4peanl2EON-dCJj6suBQ==/oat/x86_64/split_all_locale_splits.odex with executable: 0
01-05 14:45:45.928  2257  2304 I artd    : Successfully loaded /data/app/~~phhvIpSKTlmYFxCl0iouUg==/com.google.android.gms-bL4peanl2EON-dCJj6suBQ==/oat/x86_64/split_all_locale_splits.odex with executable: 0
01-05 14:45:45.928  2257  2304 I artd    : /data/app/~~phhvIpSKTlmYFxCl0iouUg==/com.google.android.gms-bL4peanl2EON-dCJj6suBQ==/oat/x86_64/split_all_locale_splits.odex is kOatUpToDate with filter speed
01-05 14:45:45.929  2257  2304 I artd    : Dex parent of /data/user/0/com.google.android.gms/app_dg_cache/9F0553103A93E6B9A9293C06FF57F54D16588402/the.apk is not writable: Permission denied
01-05 14:45:45.929  2257  2304 I artd    : GetBestInfo checking odex in dalvik-cache (/data/dalvik-cache/x86_64/data@user@0@com.google.android.gms@app_dg_cache@9F0553103A93E6B9A9293C06FF57F54D16588402@the.apk@classes.dex)
01-05 14:45:45.929  2257  2304 I artd    : Loading /data/dalvik-cache/x86_64/data@user@0@com.google.android.gms@app_dg_cache@9F0553103A93E6B9A9293C06FF57F54D16588402@the.apk@classes.dex with executable: 0
01-05 14:45:45.929  2257  2304 I artd    : OatFileAssistant test for existing oat file /data/dalvik-cache/x86_64/data@user@0@com.google.android.gms@app_dg_cache@9F0553103A93E6B9A9293C06FF57F54D16588402@the.apk@classes.dex: File /data/dalvik-cache/x86_64/data@user@0@com.google.android.gms@app_dg_cache@9F0553103A93E6B9A9293C06FF57F54D16588402@the.apk@classes.vdex does not exist.
01-05 14:45:45.929  2257  2304 I artd    : GetBestInfo checking odex next to the dex file (/data/user/0/com.google.android.gms/app_dg_cache/9F0553103A93E6B9A9293C06FF57F54D16588402/oat/x86_64/the.odex)
01-05 14:45:45.929  2257  2304 I artd    : Loading /data/user/0/com.google.android.gms/app_dg_cache/9F0553103A93E6B9A9293C06FF57F54D16588402/oat/x86_64/the.odex with executable: 0
01-05 14:45:45.929  2257  2304 I artd    : OatFileAssistant test for existing oat file /data/user/0/com.google.android.gms/app_dg_cache/9F0553103A93E6B9A9293C06FF57F54D16588402/oat/x86_64/the.odex: Failed to open oat filename for reading: No such file or directory
01-05 14:45:45.929  2257  2304 I artd    : GetBestInfo checking vdex in dalvik-cache (/data/dalvik-cache/x86_64/data@user@0@com.google.android.gms@app_dg_cache@9F0553103A93E6B9A9293C06FF57F54D16588402@the.apk@classes.vdex)
01-05 14:45:45.929  2257  2304 I artd    : unable to open vdex file /data/dalvik-cache/x86_64/data@user@0@com.google.android.gms@app_dg_cache@9F0553103A93E6B9A9293C06FF57F54D16588402@the.apk@classes.vdex: File /data/dalvik-cache/x86_64/data@user@0@com.google.android.gms@app_dg_cache@9F0553103A93E6B9A9293C06FF57F54D16588402@the.apk@classes.vdex does not exist.
01-05 14:45:45.929  2257  2304 I artd    : OatFileAssistant test for existing oat file /data/dalvik-cache/x86_64/data@user@0@com.google.android.gms@app_dg_cache@9F0553103A93E6B9A9293C06FF57F54D16588402@the.apk@classes.vdex: File /data/dalvik-cache/x86_64/data@user@0@com.google.android.gms@app_dg_cache@9F0553103A93E6B9A9293C06FF57F54D16588402@the.apk@classes.vdex does not exist.
01-05 14:45:45.929  2257  2304 I artd    : GetBestInfo checking vdex next to the dex file (/data/user/0/com.google.android.gms/app_dg_cache/9F0553103A93E6B9A9293C06FF57F54D16588402/oat/x86_64/the.vdex)
01-05 14:45:45.930  2257  2304 I artd    : Successfully loaded /data/user/0/com.google.android.gms/app_dg_cache/9F0553103A93E6B9A9293C06FF57F54D16588402/oat/x86_64/the.vdex with executable: 0
01-05 14:45:45.930  2257  2304 I artd    : Image checksum test skipped for vdex file /data/user/0/com.google.android.gms/app_dg_cache/9F0553103A93E6B9A9293C06FF57F54D16588402/oat/x86_64/the.vdex
01-05 14:45:45.930  2257  2304 I artd    : /data/user/0/com.google.android.gms/app_dg_cache/9F0553103A93E6B9A9293C06FF57F54D16588402/oat/x86_64/the.vdex is kOatUpToDate with filter verify
01-05 14:45:45.931  2257  2304 I artd    : Dex parent of /data/user_de/0/com.google.android.gms/app_chimera/m/0000000a/dl-MlkitOcrCommon.optional_242335100800.apk is not writable: No such file or directory
01-05 14:45:45.931  2257  2304 I artd    : GetBestInfo checking odex in dalvik-cache (/data/dalvik-cache/x86_64/data@user_de@0@com.google.android.gms@app_chimera@m@0000000a@dl-MlkitOcrCommon.optional_242335100800.apk@classes.dex)
01-05 14:45:45.931  2257  2304 I artd    : Loading /data/dalvik-cache/x86_64/data@user_de@0@com.google.android.gms@app_chimera@m@0000000a@dl-MlkitOcrCommon.optional_242335100800.apk@classes.dex with executable: 0
01-05 14:45:45.931  2257  2304 I artd    : OatFileAssistant test for existing oat file /data/dalvik-cache/x86_64/data@user_de@0@com.google.android.gms@app_chimera@m@0000000a@dl-MlkitOcrCommon.optional_242335100800.apk@classes.dex: File /data/dalvik-cache/x86_64/data@user_de@0@com.google.android.gms@app_chimera@m@0000000a@dl-MlkitOcrCommon.optional_242335100800.apk@classes.vdex does not exist.
01-05 14:45:45.931  2257  2304 I artd    : GetBestInfo checking odex next to the dex file (/data/user_de/0/com.google.android.gms/app_chimera/m/0000000a/oat/x86_64/dl-MlkitOcrCommon.optional_242335100800.odex)
01-05 14:45:45.931  2257  2304 I artd    : Loading /data/user_de/0/com.google.android.gms/app_chimera/m/0000000a/oat/x86_64/dl-MlkitOcrCommon.optional_242335100800.odex with executable: 0
01-05 14:45:45.931  2257  2304 I artd    : OatFileAssistant test for existing oat file /data/user_de/0/com.google.android.gms/app_chimera/m/0000000a/oat/x86_64/dl-MlkitOcrCommon.optional_242335100800.odex: File /data/user_de/0/com.google.android.gms/app_chimera/m/0000000a/oat/x86_64/dl-MlkitOcrCommon.optional_242335100800.vdex does not exist.
01-05 14:45:45.931  2257  2304 I artd    : GetBestInfo checking vdex in dalvik-cache (/data/dalvik-cache/x86_64/data@user_de@0@com.google.android.gms@app_chimera@m@0000000a@dl-MlkitOcrCommon.optional_242335100800.apk@classes.vdex)
01-05 14:45:45.931  2257  2304 I artd    : unable to open vdex file /data/dalvik-cache/x86_64/data@user_de@0@com.google.android.gms@app_chimera@m@0000000a@dl-MlkitOcrCommon.optional_242335100800.apk@classes.vdex: File /data/dalvik-cache/x86_64/data@user_de@0@com.google.android.gms@app_chimera@m@0000000a@dl-MlkitOcrCommon.optional_242335100800.apk@classes.vdex does not exist.
01-05 14:45:45.931  2257  2304 I artd    : OatFileAssistant test for existing oat file /data/dalvik-cache/x86_64/data@user_de@0@com.google.android.gms@app_chimera@m@0000000a@dl-MlkitOcrCommon.optional_242335100800.apk@classes.vdex: File /data/dalvik-cache/x86_64/data@user_de@0@com.google.android.gms@app_chimera@m@0000000a@dl-MlkitOcrCommon.optional_242335100800.apk@classes.vdex does not exist.
01-05 14:45:45.931  2257  2304 I artd    : GetBestInfo checking vdex next to the dex file (/data/user_de/0/com.google.android.gms/app_chimera/m/0000000a/oat/x86_64/dl-MlkitOcrCommon.optional_242335100800.vdex)
01-05 14:45:45.931  2257  2304 I artd    : unable to open vdex file /data/user_de/0/com.google.android.gms/app_chimera/m/0000000a/oat/x86_64/dl-MlkitOcrCommon.optional_242335100800.vdex: File /data/user_de/0/com.google.android.gms/app_chimera/m/0000000a/oat/x86_64/dl-MlkitOcrCommon.optional_242335100800.vdex does not exist.
01-05 14:45:45.931  2257  2304 I artd    : OatFileAssistant test for existing oat file /data/user_de/0/com.google.android.gms/app_chimera/m/0000000a/oat/x86_64/dl-MlkitOcrCommon.optional_242335100800.vdex: File /data/user_de/0/com.google.android.gms/app_chimera/m/0000000a/oat/x86_64/dl-MlkitOcrCommon.optional_242335100800.vdex does not exist.
01-05 14:45:45.931  2257  2304 I artd    : GetBestInfo checking dm (/data/user_de/0/com.google.android.gms/app_chimera/m/0000000a/dl-MlkitOcrCommon.optional_242335100800.dm)
01-05 14:45:45.931  2257  2304 W ziparchive: Unable to open '/data/user_de/0/com.google.android.gms/app_chimera/m/0000000a/dl-MlkitOcrCommon.optional_242335100800.dm': No such file or directory
01-05 14:45:45.931  2257  2304 I artd    : OatFileAssistant test for existing oat file /data/user_de/0/com.google.android.gms/app_chimera/m/0000000a/dl-MlkitOcrCommon.optional_242335100800.dm: I/O error
01-05 14:45:45.931  2257  2304 I artd    : GetBestInfo checking dm (/data/user_de/0/com.google.android.gms/app_chimera/m/0000000a/dl-MlkitOcrCommon.optional_242335100800.dm)
01-05 14:45:45.931  2257  2304 W ziparchive: Unable to open '/data/user_de/0/com.google.android.gms/app_chimera/m/0000000a/dl-MlkitOcrCommon.optional_242335100800.dm': No such file or directory
01-05 14:45:45.931  2257  2304 I artd    : OatFileAssistant test for existing oat file /data/user_de/0/com.google.android.gms/app_chimera/m/0000000a/dl-MlkitOcrCommon.optional_242335100800.dm: I/O error
01-05 14:45:45.931  2257  2304 I artd    : GetBestInfo no usable artifacts
01-05 14:45:45.932  2257  2304 I artd    : Dex parent of /data/user_de/0/com.google.android.gms/app_chimera/m/00000009/dl-VisionOcr.optional_242335100000.apk is not writable: No such file or directory
01-05 14:45:45.932  2257  2304 I artd    : GetBestInfo checking odex in dalvik-cache (/data/dalvik-cache/x86_64/data@user_de@0@com.google.android.gms@app_chimera@m@00000009@dl-VisionOcr.optional_242335100000.apk@classes.dex)
01-05 14:45:45.932  2257  2304 I artd    : Loading /data/dalvik-cache/x86_64/data@user_de@0@com.google.android.gms@app_chimera@m@00000009@dl-VisionOcr.optional_242335100000.apk@classes.dex with executable: 0
01-05 14:45:45.932  2257  2304 I artd    : OatFileAssistant test for existing oat file /data/dalvik-cache/x86_64/data@user_de@0@com.google.android.gms@app_chimera@m@00000009@dl-VisionOcr.optional_242335100000.apk@classes.dex: File /data/dalvik-cache/x86_64/data@user_de@0@com.google.android.gms@app_chimera@m@00000009@dl-VisionOcr.optional_242335100000.apk@classes.vdex does not exist.
01-05 14:45:45.932  2257  2304 I artd    : GetBestInfo checking odex next to the dex file (/data/user_de/0/com.google.android.gms/app_chimera/m/00000009/oat/x86_64/dl-VisionOcr.optional_242335100000.odex)
01-05 14:45:45.932  2257  2304 I artd    : Loading /data/user_de/0/com.google.android.gms/app_chimera/m/00000009/oat/x86_64/dl-VisionOcr.optional_242335100000.odex with executable: 0
